C51 COMPILER V9.02   DELAY                                                                 12/01/2023 17:42:06 PAGE 1   


C51 COMPILER V9.02, COMPILATION OF MODULE DELAY
OBJECT MODULE PLACED IN delay.OBJ
COMPILER INVOKED BY: C:\Keil\C51\BIN\C51.EXE delay.c BROWSE DEBUG OBJECTEXTEND

line level    source

   1          /** Implementing a function for generating the delay 
   2                         using Embedded C **/
   3          void delay_ms(unsigned int ms_dly)
   4          {
   5   1              unsigned int i;
   6   1              for(ms_dly;ms_dly>0;ms_dly--)
   7   1                      for(i=122;i>0;i--);        //121 got 6 mc less 
   8   1                                     //122 got 2 mc extra 
   9   1      }


MODULE INFORMATION:   STATIC OVERLAYABLE
   CODE SIZE        =     30    ----
   CONSTANT SIZE    =   ----    ----
   XDATA SIZE       =   ----    ----
   PDATA SIZE       =   ----    ----
   DATA SIZE        =   ----    ----
   IDATA SIZE       =   ----    ----
   BIT SIZE         =   ----    ----
END OF MODULE INFORMATION.


C51 COMPILATION COMPLETE.  0 WARNING(S),  0 ERROR(S)
