C51 COMPILER V9.02   MAIN_KEYPAD                                                           12/05/2023 18:24:03 PAGE 1   


C51 COMPILER V9.02, COMPILATION OF MODULE MAIN_KEYPAD
OBJECT MODULE PLACED IN main_keypad.OBJ
COMPILER INVOKED BY: C:\Keil\C51\BIN\C51.EXE main_keypad.c BROWSE DEBUG OBJECTEXTEND

line level    source

   1          /*Write an ECP for displaying the binary equivalent of
   2          key value on 8-LEDs using 4X4 keypad matrix*/
   3          /*
   4           [sw1  sw2  sw3  sw4      [0   1   2   3 
   5            sw5  sw6  sw7  sw8     ; 4   5   6   7
   6            sw9  sw10 sw11 sw12      8   9   10  11 
   7            sw13 sw14 sw15 sw16 ]    12  13  14  15}*/
   8          #include"delay.h"
   9          #include"lcd.h"
  10          #include"keypad.h"
  11          main()
  12          {
  13   1              char ch;
  14   1              char p[20];
  15   1              char i=0;
  16   1              LCD_Init();//LCD initialization
  17   1              Write_CMD_LCD(0x80);//selecting starting line and staring       //pos
  18   1              while(1)
  19   1              {        
  20   2              while((ch=keyvalue())!='#') 
*** WARNING C206 IN LINE 20 OF MAIN_KEYPAD.C: 'keyvalue': missing function-prototype
  21   2              {
  22   3              p[i]=ch;
  23   3              i++;
  24   3              }
  25   2               p[i-1]='\0';
  26   2                                                                              
  27   2                      delay_ms(200);
  28   2              Write_str_LCD(p);
  29   2           }
  30   1      }


MODULE INFORMATION:   STATIC OVERLAYABLE
   CODE SIZE        =     54    ----
   CONSTANT SIZE    =   ----    ----
   XDATA SIZE       =   ----    ----
   PDATA SIZE       =   ----    ----
   DATA SIZE        =   ----      21
   IDATA SIZE       =   ----    ----
   BIT SIZE         =   ----    ----
END OF MODULE INFORMATION.


C51 COMPILATION COMPLETE.  1 WARNING(S),  0 ERROR(S)
