<html>
<body>
<pre>
<h1>µVision Build Log</h1>
<h2>Project:</h2>
C:\Documents and Settings\nsk\Desktop\adc_test_code_Pot\adc_pot_test.uvproj
Project File Date:  10/21/2017

<h2>Output:</h2>
Rebuild target 'Target 1'
assembling Startup.s...
compiling adc_pot.c...
compiling adc_pot_main.c...
compiling lcd.c...
linking...
Program Size: Code=1776 RO-data=16 RW-data=0 ZI-data=1256  
FromELF: creating hex file...
".\adc_pot_test.axf" - 0 Errors, 0 Warning(s).
Rebuild target 'Target 1'
assembling Startup.s...
compiling adc_pot.c...
compiling adc_pot_main.c...
compiling lcd.c...
linking...
Program Size: Code=1776 RO-data=16 RW-data=0 ZI-data=1256  
FromELF: creating hex file...
".\adc_pot_test.axf" - 0 Errors, 0 Warning(s).
Rebuild target 'Target 1'
assembling Startup.s...
compiling adc_pot.c...
compiling adc_pot_main.c...
compiling lcd.c...
linking...
Program Size: Code=1776 RO-data=16 RW-data=0 ZI-data=1256  
FromELF: creating hex file...
".\adc_pot_test.axf" - 0 Errors, 0 Warning(s).
