ARM Linker, RVCT3.1 [Build 919] for uVision [Standard]

================================================================================

Section Cross References

    startup.o(STACK) refers (Special) to stkheap2.o(.text) for __use_two_region_memory
    startup.o(HEAP) refers (Special) to stkheap2.o(.text) for __use_two_region_memory
    startup.o(RESET) refers to startup.o(STACK) for Stack_Top
    startup.o(RESET) refers to __main.o(!!!main) for __main
    startup.o(RESET) refers (Special) to stkheap2.o(.text) for __use_two_region_memory
    startup.o(.text) refers to startup.o(HEAP) for Heap_Mem
    startup.o(.text) refers to startup.o(STACK) for Stack_Mem
    startup.o(.text) refers (Special) to stkheap2.o(.text) for __use_two_region_memory
    main.o(.text) refers to __0sprintf.o(.text) for __1sprintf
    main.o(.text) refers to main.o(.data) for uart0_buf
    main.o(.text) refers (Special) to _printf_dec.o(.text) for _printf_int_dec
    main.o(.text) refers (Special) to _printf_pad.o(.text) for _printf_pre_padding
    main.o(.text) refers (Special) to __printf.o(.text) for _printf_percent
    main.o(.data) refers (Special) to _printf_dec.o(.text) for _printf_int_dec
    main.o(.data) refers (Special) to _printf_pad.o(.text) for _printf_pre_padding
    main.o(.data) refers (Special) to __printf.o(.text) for _printf_percent
    __printf.o(.text) refers to callvia.o(.text) for __ARM_call_via_r1
    __printf.o(.text) refers (Weak) to _printf_dec.o(.text) for _printf_int_dec
    __printf.o(.text) refers to __printf.o(.constdata) for .constdata
    _printf_pad.o(.text) refers to callvia.o(.text) for __ARM_call_via_r2
    _printf_dec.o(.text) refers to rtudiv10.o(.text) for __rt_udiv10
    _printf_dec.o(.text) refers to _printf_intcommon.o(.text) for _printf_int_common
    __0sprintf.o(.text) refers to _printf_char_common.o(.text) for _printf_char_common
    __0sprintf.o(.text) refers to _sputc.o(.text) for _sputc
    stkheap2.o(.text) refers to sys_stackheap_outer.o(.text) for __user_setup_stackheap
    stkheap2.o(.text) refers to rt_stackheap_storage_intlibspace.o(.text) for __rt_stackheap_storage
    __main.o(!!!main) refers to kernel.o(.text) for __rt_entry
    kernel.o(.text) refers to stkheap2.o(.text) for __rt_stackheap_init
    kernel.o(.text) refers to boardinit2.o(.text) for _platform_post_stackheap_init
    kernel.o(.text) refers to lib_init.o(.text) for __rt_lib_init
    kernel.o(.text) refers to boardinit3.o(.text) for _platform_post_lib_init
    kernel.o(.text) refers to exit.o(.text) for exit
    kernel.o(.text) refers to main.o(.text) for main
    kernel.o(.text) refers to sys_exit.o(.text) for _sys_exit
    kernel.o(.ARM.exidx) refers to kernel.o(.text) for __rt_entry
    sys_stackheap_outer.o(.text) refers to libspace.o(.text) for __user_perproc_libspace
    sys_stackheap_outer.o(.text) refers to startup.o(.text) for __user_initial_stackheap
    rt_stackheap_storage.o(.text) refers to rt_stackheap_storage.o(.bss) for __rt_stackheap_storage_data
    rt_stackheap_storage_intlibspace.o(.text) refers to libspace.o(.bss) for __libspace_start
    _printf_intcommon.o(.text) refers (Weak) to _printf_pad.o(.text) for _printf_pre_padding
    _printf_intcommon.o(.text) refers to callvia.o(.text) for __ARM_call_via_r2
    _printf_intcommon.o(.text) refers (Weak) to _printf_pad.o(.text) for _printf_pre_padding
    _printf_intcommon.o(.text) refers (Weak) to _printf_pad.o(.text) for _printf_post_padding
    _printf_char_common.o(.text) refers to __printf.o(.text) for __printf
    _printf_char_common.o(.text) refers to _printf_outstr_char.o(.text) for _printf_outstr_char
    _printf_char_common.o(.text) refers to _printf_input_char.o(.text) for _printf_input_char
    sys_exit.o(.text) refers to use_no_semi.o(.text) for __I_use_semihosting
    libspace.o(.text) refers to libspace.o(.bss) for __libspace_start
    _printf_outstr_char.o(.text) refers to callvia.o(.text) for __ARM_call_via_r2
    exit.o(.text) refers to kernel.o(.text) for __rt_exit
    stkheap1.o(.text) refers to sys_stackheap_outer.o(.text) for __user_setup_stackheap
    stkheap1.o(.text) refers to rt_stackheap_storage_intlibspace.o(.text) for __rt_stackheap_storage
    lib_init.o(.emb_text) refers to no_argv.o(.text) for __ARM_get_argv
    lib_init.o(.text) refers to fpinit.o(x$fpl$fpinit) for _fp_init
    lib_init.o(.text) refers to lib_init.o(.emb_text) for __ARM_argv_veneer
    lib_init.o(.text) refers to rt_locale_intlibspace.o(.text) for __rt_locale
    rt_locale.o(.text) refers to rt_locale.o(.bss) for __rt_locale_data
    rt_locale_intlibspace.o(.text) refers to libspace.o(.bss) for __libspace_start
    _get_argv.o(.text) refers to heapext.o(.text) for __heap_extend
    _get_argv.o(.text) refers to defsig_rtmem_outer.o(.text) for __rt_SIGRTMEM
    _get_argv.o(.text) refers to sys_command.o(.text) for _sys_command_string
    _get_argv.o(.text) refers (Special) to hrguard.o(.text) for __heap_region_guard
    fpinit.o(x$fpl$fpinit) refers to rt_fp_status_addr_intlibspace.o(.text) for __rt_fp_status_addr
    sys_command.o(.text) refers (Special) to use_no_semi.o(.text) for __I_use_semihosting
    rt_fp_status_addr.o(.text) refers to rt_fp_status_addr.o(.bss) for __rt_fp_status_addr_data
    rt_fp_status_addr_intlibspace.o(.text) refers to libspace.o(.bss) for __libspace_start
    defsig_rtmem_outer.o(.text) refers to defsig_rtmem_inner.o(.text) for __rt_SIGRTMEM_inner
    defsig_rtmem_outer.o(.text) refers to defsig_exit.o(.text) for __sig_exit
    defsig_rtmem_formal.o(.text) refers to rt_raise.o(.text) for __rt_raise
    defsig_rtmem_formal.o(.text) refers (Special) to defsig_rtmem_inner.o(.text) for __rt_SIGRTMEM_inner
    heapext.o(.text) refers to stkheap2.o(.text) for __rt_heap_extend
    rt_raise.o(.text) refers to __raise.o(.text) for __raise
    rt_raise.o(.text) refers to sys_exit.o(.text) for _sys_exit
    defsig_exit.o(.text) refers to sys_exit.o(.text) for _sys_exit
    defsig_rtmem_inner.o(.text) refers to defsig_general.o(.text) for __default_signal_display
    __raise.o(.text) refers to defsig.o(CL$$defsig) for __default_signal_handler
    __raise.o(.text) refers to callvia.o(.text) for __ARM_call_via_r2
    defsig_general.o(.text) refers to sys_wrch.o(.text) for _ttywrch
    sys_wrch.o(.text) refers (Special) to use_no_semi.o(.text) for __I_use_semihosting
    defsig.o(CL$$defsig) refers (Weak) to defsig_rtmem_inner.o(.text) for __rt_SIGRTMEM_inner


================================================================================

Adding Veneers to the image

    Adding TA veneer (8 bytes, Short) for call to '__rt_exit' from exit.o(.text).
    Adding AT veneer (12 bytes, Long) for call to '__rt_lib_shutdown' from kernel.o(.text).
    Adding TA veneer (4 bytes, Inline) for call to '_fp_init' from lib_init.o(.text).
    Adding TA veneer (4 bytes, Inline) for call to '__rt_locale' from lib_init.o(.text).
    Adding AT veneer (8 bytes, Inline) for call to '__rt_lib_init' from kernel.o(.text).
    Adding TA veneer (4 bytes, Inline) for call to '__rt_udiv10' from _printf_dec.o(.text).
    Adding AT veneer (8 bytes, Inline) for call to '__1sprintf' from main.o(.text).
    Adding TA veneer (4 bytes, Inline) for call to '__ARM_argv_veneer' from lib_init.o(.text).

8 Veneer(s) (total 52 bytes) added to the image.

================================================================================

Image Symbol Table

    Local Symbols

    Symbol Name                              Value     Ov Type        Size  Object(Section)

    RESET                                    0x00000000   Section      272  startup.o(RESET)
    ../../angel/boardlib.s                   0x00000000   Number         0  boardinit3.o ABSOLUTE
    ../../angel/boardlib.s                   0x00000000   Number         0  boardinit2.o ABSOLUTE
    ../../angel/boardlib.s                   0x00000000   Number         0  boardinit1.o ABSOLUTE
    ../../angel/boardlib.s                   0x00000000   Number         0  cpuinit.o ABSOLUTE
    ../../angel/boardlib.s                   0x00000000   Number         0  boardshut.o ABSOLUTE
    ../../angel/handlers.s                   0x00000000   Number         0  __scatter_zi.o ABSOLUTE
    ../../angel/handlers.s                   0x00000000   Number         0  __scatter_copy.o ABSOLUTE
    ../../angel/kernel.s                     0x00000000   Number         0  kernel.o ABSOLUTE
    ../../angel/rt.s                         0x00000000   Number         0  rt_fp_status_addr_intlibspace.o ABSOLUTE
    ../../angel/rt.s                         0x00000000   Number         0  rt_stackheap_storage.o ABSOLUTE
    ../../angel/rt.s                         0x00000000   Number         0  rt_stackheap_storage_intlibspace.o ABSOLUTE
    ../../angel/rt.s                         0x00000000   Number         0  rt_fp_status_addr.o ABSOLUTE
    ../../angel/rt.s                         0x00000000   Number         0  rt_raise.o ABSOLUTE
    ../../angel/rt.s                         0x00000000   Number         0  rt_locale_intlibspace.o ABSOLUTE
    ../../angel/rt.s                         0x00000000   Number         0  rt_locale.o ABSOLUTE
    ../../angel/scatter.s                    0x00000000   Number         0  __scatter.o ABSOLUTE
    ../../angel/startup.s                    0x00000000   Number         0  __main.o ABSOLUTE
    ../../angel/sys.s                        0x00000000   Number         0  sys_exit.o ABSOLUTE
    ../../angel/sys.s                        0x00000000   Number         0  sys_stackheap_outer.o ABSOLUTE
    ../../angel/sys.s                        0x00000000   Number         0  libspace.o ABSOLUTE
    ../../angel/sys.s                        0x00000000   Number         0  use_no_semi.o ABSOLUTE
    ../../angel/sysapp.c                     0x00000000   Number         0  sys_wrch.o ABSOLUTE
    ../../angel/sysapp.c                     0x00000000   Number         0  sys_command.o ABSOLUTE
    ../../armsys.c                           0x00000000   Number         0  no_argv.o ABSOLUTE
    ../../armsys.c                           0x00000000   Number         0  lib_init.o ABSOLUTE
    ../../armsys.c                           0x00000000   Number         0  _get_argv.o ABSOLUTE
    ../../armsys.c                           0x00000000   Number         0  lib_init.o ABSOLUTE
    ../../division.s                         0x00000000   Number         0  rtudiv10.o ABSOLUTE
    ../../fpinit.s                           0x00000000   Number         0  fpinit.o ABSOLUTE
    ../../heapalloc.c                        0x00000000   Number         0  hrguard.o ABSOLUTE
    ../../printf.c                           0x00000000   Number         0  _printf_dec.o ABSOLUTE
    ../../printf.c                           0x00000000   Number         0  _printf_char_common.o ABSOLUTE
    ../../printf.c                           0x00000000   Number         0  _sputc.o ABSOLUTE
    ../../printf.c                           0x00000000   Number         0  _printf_intcommon.o ABSOLUTE
    ../../printf.c                           0x00000000   Number         0  __printf.o ABSOLUTE
    ../../printf.c                           0x00000000   Number         0  _printf_pad.o ABSOLUTE
    ../../printf.c                           0x00000000   Number         0  __0sprintf.o ABSOLUTE
    ../../printf.c                           0x00000000   Number         0  _printf_outstr_char.o ABSOLUTE
    ../../printf.c                           0x00000000   Number         0  _printf_input_char.o ABSOLUTE
    ../../signal.c                           0x00000000   Number         0  defsig_general.o ABSOLUTE
    ../../signal.c                           0x00000000   Number         0  defsig_rtmem_inner.o ABSOLUTE
    ../../signal.c                           0x00000000   Number         0  defsig_exit.o ABSOLUTE
    ../../signal.c                           0x00000000   Number         0  defsig_rtmem_formal.o ABSOLUTE
    ../../signal.c                           0x00000000   Number         0  defsig_rtmem_outer.o ABSOLUTE
    ../../signal.c                           0x00000000   Number         0  __raise.o ABSOLUTE
    ../../signal.s                           0x00000000   Number         0  defsig.o ABSOLUTE
    ../../stdlib.c                           0x00000000   Number         0  exit.o ABSOLUTE
    ../../stkheap.s                          0x00000000   Number         0  heapext.o ABSOLUTE
    ../../stkheap1.s                         0x00000000   Number         0  stkheap1.o ABSOLUTE
    ../../stkheap2.s                         0x00000000   Number         0  stkheap2.o ABSOLUTE
    ../../unhosted.s                         0x00000000   Number         0  callvia.o ABSOLUTE
    Startup.s                                0x00000000   Number         0  startup.o ABSOLUTE
    dc.s                                     0x00000000   Number         0  dc.o ABSOLUTE
    main.c                                   0x00000000   Number         0  main.o ABSOLUTE
    Undef_Handler                            0x00000040   ARM Code       4  startup.o(RESET)
    SWI_Handler                              0x00000044   ARM Code       4  startup.o(RESET)
    PAbt_Handler                             0x00000048   ARM Code       4  startup.o(RESET)
    DAbt_Handler                             0x0000004c   ARM Code       4  startup.o(RESET)
    IRQ_Handler                              0x00000050   ARM Code       4  startup.o(RESET)
    FIQ_Handler                              0x00000054   ARM Code       4  startup.o(RESET)
    !!!main                                  0x00000110   Section        8  __main.o(!!!main)
    !!!scatter                               0x00000118   Section       60  __scatter.o(!!!scatter)
    !!handler_copy                           0x00000154   Section       40  __scatter_copy.o(!!handler_copy)
    !!handler_zi                             0x0000017c   Section       44  __scatter_zi.o(!!handler_zi)
    .emb_text                                0x000001ac   Section       16  lib_init.o(.emb_text)
    .text                                    0x000001bc   Section       32  startup.o(.text)
    .text                                    0x000001dc   Section      724  main.o(.text)
    .text                                    0x000004b0   Section      760  __printf.o(.text)
    .text                                    0x000007a8   Section       84  _printf_pad.o(.text)
    .text                                    0x000007fc   Section      116  _printf_dec.o(.text)
    .text                                    0x00000878   Section       44  __0sprintf.o(.text)
    .text                                    0x000008a4   Section       64  stkheap2.o(.text)
    .text                                    0x000008e4   Section      104  kernel.o(.text)
    .text                                    0x0000094c   Section       96  sys_stackheap_outer.o(.text)
    .text                                    0x000009ac   Section       16  rt_stackheap_storage_intlibspace.o(.text)
    .text                                    0x000009bc   Section      168  _printf_intcommon.o(.text)
    .text                                    0x00000a64   Section       52  _printf_char_common.o(.text)
    .text                                    0x00000a98   Section       10  _sputc.o(.text)
    .text                                    0x00000aa8   Section       44  rtudiv10.o(.text)
    .text                                    0x00000ad4   Section       16  callvia.o(.text)
    .text                                    0x00000ae4   Section       24  sys_exit.o(.text)
    .text                                    0x00000afc   Section       12  libspace.o(.text)
    .text                                    0x00000b08   Section       32  _printf_outstr_char.o(.text)
    .text                                    0x00000b28   Section       10  _printf_input_char.o(.text)
    .text                                    0x00000b32   Section       12  exit.o(.text)
    .text                                    0x00000b48   Section      206  lib_init.o(.text)
    .text                                    0x00000c18   Section       12  boardinit2.o(.text)
    .text                                    0x00000c24   Section       16  boardinit3.o(.text)
    .text                                    0x00000c34   Section        4  use_no_semi.o(.text)
    .text                                    0x00000c3c   Section       16  rt_locale_intlibspace.o(.text)
    .text                                    0x00000c4c   Section        6  no_argv.o(.text)
    .text                                    0x00000c54   Section       16  rt_fp_status_addr_intlibspace.o(.text)
    x$fpl$fpinit                             0x00000c7c   Section       24  fpinit.o(x$fpl$fpinit)
    .constdata                               0x00000c94   Section       17  __printf.o(.constdata)
    maptable@__printf_0                      0x00000c94   Data          17  __printf.o(.constdata)
    .data                                    0x40000000   Section        3  main.o(.data)
    .bss                                     0x40000004   Section       96  libspace.o(.bss)
    HEAP                                     0x40000068   Number         0  startup.o(HEAP)
    STACK                                    0x40000068   Section     1160  startup.o(STACK)
    Heap_Mem                                 0x40000068   Number         0  startup.o(HEAP)
    Stack_Mem                                0x40000068   Data        1024  startup.o(STACK)
    Stack_Top                                0x400004f0   Number         0  startup.o(STACK)

    Global Symbols

    Symbol Name                              Value     Ov Type        Size  Object(Section)

    BuildAttributes$$THM_ISAv1$ARM_ISAv4$M$S$PE$A:L22$X:L11$S22$IEEE1$IW$USESV6$~STKCKD$USESV7$~SHL$OSPACE$EBA8$STANDARDLIB$REQ8$PRES8$EABIv2 0x00000000   Number         0  anon$$obj.o ABSOLUTE
    __ARM_use_no_argv                        0x00000000   Number         0  main.o ABSOLUTE
    __ARM_exceptions_init                     - Undefined Weak Reference
    __Heap_DescSize                           - Undefined Weak Reference
    __alloca_initialize                       - Undefined Weak Reference
    __cpp_initialize__aeabi_                  - Undefined Weak Reference
    __cxa_finalize                            - Undefined Weak Reference
    __rt_SIGABRT_inner                        - Undefined Weak Reference
    __rt_SIGCPPL_inner                        - Undefined Weak Reference
    __rt_SIGFPE_inner                         - Undefined Weak Reference
    __rt_SIGILL_inner                         - Undefined Weak Reference
    __rt_SIGINT_inner                         - Undefined Weak Reference
    __rt_SIGPVFN_inner                        - Undefined Weak Reference
    __rt_SIGRTRED_inner                       - Undefined Weak Reference
    __rt_SIGSEGV_inner                        - Undefined Weak Reference
    __rt_SIGSTAK_inner                        - Undefined Weak Reference
    __rt_SIGTERM_inner                        - Undefined Weak Reference
    __rt_SIGUSR1_inner                        - Undefined Weak Reference
    __rt_SIGUSR2_inner                        - Undefined Weak Reference
    __rt_sigother_inner                       - Undefined Weak Reference
    __sigvec_lookup                           - Undefined Weak Reference
    __user_heap_extend                        - Undefined Weak Reference
    _atexit_init                              - Undefined Weak Reference
    _call_atexit_fns                          - Undefined Weak Reference
    _clock_init                               - Undefined Weak Reference
    _fp_trap_init                             - Undefined Weak Reference
    _get_lc_collate                           - Undefined Weak Reference
    _get_lc_ctype                             - Undefined Weak Reference
    _get_lc_monetary                          - Undefined Weak Reference
    _get_lc_numeric                           - Undefined Weak Reference
    _get_lc_time                              - Undefined Weak Reference
    _getenv_init                              - Undefined Weak Reference
    _handle_redirection                       - Undefined Weak Reference
    _init_alloc                               - Undefined Weak Reference
    _init_user_alloc                          - Undefined Weak Reference
    _initio                                   - Undefined Weak Reference
    _printf_charcount                         - Undefined Weak Reference
    _printf_fp_dec                            - Undefined Weak Reference
    _printf_fp_hex                            - Undefined Weak Reference
    _printf_longlong_dec                      - Undefined Weak Reference
    _printf_longlong_hex                      - Undefined Weak Reference
    _printf_longlong_oct                      - Undefined Weak Reference
    _printf_mbtowc                            - Undefined Weak Reference
    _printf_str                               - Undefined Weak Reference
    _printf_truncate_signed                   - Undefined Weak Reference
    _printf_truncate_unsigned                 - Undefined Weak Reference
    _printf_wc                                - Undefined Weak Reference
    _printf_wctomb                            - Undefined Weak Reference
    _rand_init                                - Undefined Weak Reference
    _signal_init                              - Undefined Weak Reference
    _terminate_user_alloc                     - Undefined Weak Reference
    _terminateio                              - Undefined Weak Reference
    Reset_Handler                            0x00000058   ARM Code       0  startup.o(RESET)
    __main                                   0x00000110   ARM Code       8  __main.o(!!!main)
    __scatterload                            0x00000118   ARM Code       0  __scatter.o(!!!scatter)
    __scatterload_rt2                        0x00000118   ARM Code      52  __scatter.o(!!!scatter)
    __scatterload_null                       0x0000012c   ARM Code       0  __scatter.o(!!!scatter)
    __scatterload_copy                       0x00000154   ARM Code      40  __scatter_copy.o(!!handler_copy)
    __scatterload_zeroinit                   0x0000017c   ARM Code      44  __scatter_zi.o(!!handler_zi)
    Inline Thumb to ARM Veneer to __ARM_argv_veneer 0x000001a9   Thumb Code     0  lib_init.o(.emb_text)
    __ARM_argv_veneer                        0x000001ac   ARM Code      16  lib_init.o(.emb_text)
    __user_initial_stackheap                 0x000001bc   ARM Code       0  startup.o(.text)
    init_serial0                             0x000001dc   ARM Code     252  main.o(.text)
    putchar0                                 0x000002d8   ARM Code      72  main.o(.text)
    getchar0                                 0x00000320   ARM Code      32  main.o(.text)
    print_uart0                              0x00000340   ARM Code      44  main.o(.text)
    main                                     0x0000036c   ARM Code     216  main.o(.text)
    __printf                                 0x000004b1   Thumb Code   748  __printf.o(.text)
    _printf_return_value                     0x0000079d   Thumb Code     2  __printf.o(.text)
    _printf_percent                          0x0000079f   Thumb Code     2  __printf.o(.text)
    _printf_sizespec                         0x000007a1   Thumb Code     2  __printf.o(.text)
    _printf_pre_padding                      0x000007a9   Thumb Code    48  _printf_pad.o(.text)
    _printf_post_padding                     0x000007d9   Thumb Code    36  _printf_pad.o(.text)
    _printf_int_dec                          0x000007fd   Thumb Code    98  _printf_dec.o(.text)
    Inline ARM to Thumb Veneer to __1sprintf 0x00000870   ARM Code       0  __0sprintf.o(.text)
    __0sprintf                               0x00000879   Thumb Code    40  __0sprintf.o(.text)
    __1sprintf                               0x00000879   Thumb Code     0  __0sprintf.o(.text)
    __use_two_region_memory                  0x000008a4   ARM Code       4  stkheap2.o(.text)
    __rt_stackheap_init                      0x000008a8   ARM Code      36  stkheap2.o(.text)
    __rt_heap_extend                         0x000008cc   ARM Code      24  stkheap2.o(.text)
    __rt_entry                               0x000008e4   ARM Code      76  kernel.o(.text)
    __rt_exit                                0x00000930   ARM Code      20  kernel.o(.text)
    __rt_abort                               0x00000944   ARM Code       8  kernel.o(.text)
    __user_setup_stackheap                   0x0000094c   ARM Code      96  sys_stackheap_outer.o(.text)
    __rt_stackheap_storage                   0x000009ac   ARM Code      12  rt_stackheap_storage_intlibspace.o(.text)
    _printf_int_common                       0x000009bd   Thumb Code   168  _printf_intcommon.o(.text)
    _printf_char_common                      0x00000a65   Thumb Code    44  _printf_char_common.o(.text)
    _sputc                                   0x00000a99   Thumb Code    10  _sputc.o(.text)
    Inline Thumb to ARM Veneer to __rt_udiv10 0x00000aa5   Thumb Code     0  rtudiv10.o(.text)
    __rt_udiv10                              0x00000aa8   ARM Code      44  rtudiv10.o(.text)
    __ARM_call_via_r0                        0x00000ad5   Thumb Code     2  callvia.o(.text)
    __call_via_r0                            0x00000ad5   Thumb Code     0  callvia.o(.text)
    __ARM_call_via_r1                        0x00000ad7   Thumb Code     2  callvia.o(.text)
    __call_via_r1                            0x00000ad7   Thumb Code     0  callvia.o(.text)
    __ARM_call_via_r2                        0x00000ad9   Thumb Code     2  callvia.o(.text)
    __call_via_r2                            0x00000ad9   Thumb Code     0  callvia.o(.text)
    __ARM_call_via_r3                        0x00000adb   Thumb Code     2  callvia.o(.text)
    __call_via_r3                            0x00000adb   Thumb Code     0  callvia.o(.text)
    __ARM_call_via_r4                        0x00000add   Thumb Code     2  callvia.o(.text)
    __call_via_r4                            0x00000add   Thumb Code     0  callvia.o(.text)
    __ARM_call_via_r5                        0x00000adf   Thumb Code     2  callvia.o(.text)
    __call_via_r5                            0x00000adf   Thumb Code     0  callvia.o(.text)
    __ARM_call_via_r6                        0x00000ae1   Thumb Code     2  callvia.o(.text)
    __call_via_r6                            0x00000ae1   Thumb Code     0  callvia.o(.text)
    __ARM_call_via_r7                        0x00000ae3   Thumb Code     2  callvia.o(.text)
    __call_via_r7                            0x00000ae3   Thumb Code     0  callvia.o(.text)
    _sys_exit                                0x00000ae4   ARM Code      20  sys_exit.o(.text)
    __user_libspace                          0x00000afc   ARM Code       8  libspace.o(.text)
    __user_perproc_libspace                  0x00000afc   ARM Code       0  libspace.o(.text)
    __user_perthread_libspace                0x00000afc   ARM Code       0  libspace.o(.text)
    _printf_outstr_char                      0x00000b09   Thumb Code    32  _printf_outstr_char.o(.text)
    _printf_input_char                       0x00000b29   Thumb Code    10  _printf_input_char.o(.text)
    exit                                     0x00000b33   Thumb Code    12  exit.o(.text)
    Inline ARM to Thumb Veneer to __rt_lib_init 0x00000b40   ARM Code       0  lib_init.o(.text)
    __rt_lib_init                            0x00000b49   Thumb Code   184  lib_init.o(.text)
    __rt_lib_shutdown                        0x00000c01   Thumb Code    22  lib_init.o(.text)
    _platform_post_stackheap_init            0x00000c18   ARM Code      12  boardinit2.o(.text)
    _platform_post_lib_init                  0x00000c24   ARM Code      16  boardinit3.o(.text)
    __I_use_semihosting                      0x00000c34   ARM Code       0  use_no_semi.o(.text)
    __use_no_semihosting_swi                 0x00000c34   ARM Code       4  use_no_semi.o(.text)
    Inline Thumb to ARM Veneer to __rt_locale 0x00000c39   Thumb Code     0  rt_locale_intlibspace.o(.text)
    __rt_locale                              0x00000c3c   ARM Code      12  rt_locale_intlibspace.o(.text)
    __ARM_get_argv                           0x00000c4d   Thumb Code     6  no_argv.o(.text)
    __rt_fp_status_addr                      0x00000c54   ARM Code      12  rt_fp_status_addr_intlibspace.o(.text)
    Long ARM to Thumb Veneer to __rt_lib_shutdown 0x00000c64   ARM Code       0  anon$$obj.o(Veneer$$Code)
    Short Thumb to ARM Veneer to __rt_exit   0x00000c71   Thumb Code     0  anon$$obj.o(Veneer$$Code)
    Inline Thumb to ARM Veneer to _fp_init   0x00000c79   Thumb Code     0  fpinit.o(x$fpl$fpinit)
    _fp_init                                 0x00000c7c   ARM Code      24  fpinit.o(x$fpl$fpinit)
    __fplib_config_pureend_doubles           0x00000c8c   ARM Code       0  fpinit.o(x$fpl$fpinit)
    Region$$Table$$Base                      0x00000ca8   Number         0  anon$$obj.o(Region$$Table)
    Region$$Table$$Limit                     0x00000cc8   Number         0  anon$$obj.o(Region$$Table)
    uart0_buf                                0x40000000   Data           1  main.o(.data)
    uart1_buf                                0x40000001   Data           1  main.o(.data)
    uart2_buf                                0x40000002   Data           1  main.o(.data)
    __libspace_start                         0x40000004   Data          96  libspace.o(.bss)
    __temporary_stack_top_libspace           0x40000064   Number         0  libspace.o(.bss)


================================================================================

Memory Map of the image

  Image Entry point : 0x00000110

  Load Region LR_IROM1 (Base: 0x00000000, Size: 0x00000ccc, Max: 0x00080000, ABSOLUTE)

    Execution Region ER_IROM1 (Base: 0x00000000, Size: 0x00000cc8, Max: 0x00080000, ABSOLUTE)

    Base Addr    Size         Type   Attr      Idx    E Section Name        Object

    0x00000000   0x00000110   Code   RO            3    RESET               startup.o
    0x00000110   0x00000008   Code   RO           51  * !!!main             __main.o(c_t.l)
    0x00000118   0x0000003c   Code   RO          142    !!!scatter          __scatter.o(c_t.l)
    0x00000154   0x00000028   Code   RO          144    !!handler_copy      __scatter_copy.o(c_t.l)
    0x0000017c   0x0000002c   Code   RO          146    !!handler_zi        __scatter_zi.o(c_t.l)
    0x000001a8   0x00000004   Ven    RO           85    .emb_text           lib_init.o(c_t.l)
    0x000001ac   0x00000010   Code   RO           85    .emb_text           lib_init.o(c_t.l)
    0x000001bc   0x00000020   Code   RO            4    .text               startup.o
    0x000001dc   0x000002d4   Code   RO           12    .text               main.o
    0x000004b0   0x000002f8   Code   RO           40    .text               __printf.o(c_t.l)
    0x000007a8   0x00000054   Code   RO           43    .text               _printf_pad.o(c_t.l)
    0x000007fc   0x00000074   Code   RO           45    .text               _printf_dec.o(c_t.l)
    0x00000870   0x00000008   Ven    RO           47    .text               __0sprintf.o(c_t.l)
    0x00000878   0x0000002c   Code   RO           47    .text               __0sprintf.o(c_t.l)
    0x000008a4   0x00000040   Code   RO           49    .text               stkheap2.o(c_t.l)
    0x000008e4   0x00000068   Code   RO           53    .text               kernel.o(c_t.l)
    0x0000094c   0x00000060   Code   RO           56    .text               sys_stackheap_outer.o(c_t.l)
    0x000009ac   0x00000010   Code   RO           61    .text               rt_stackheap_storage_intlibspace.o(c_t.l)
    0x000009bc   0x000000a8   Code   RO           63    .text               _printf_intcommon.o(c_t.l)
    0x00000a64   0x00000034   Code   RO           65    .text               _printf_char_common.o(c_t.l)
    0x00000a98   0x0000000a   Code   RO           67    .text               _sputc.o(c_t.l)
    0x00000aa2   0x00000002   PAD
    0x00000aa4   0x00000004   Ven    RO           69    .text               rtudiv10.o(c_t.l)
    0x00000aa8   0x0000002c   Code   RO           69    .text               rtudiv10.o(c_t.l)
    0x00000ad4   0x00000010   Code   RO           71    .text               callvia.o(h_t.l)
    0x00000ae4   0x00000018   Code   RO           72    .text               sys_exit.o(c_t.l)
    0x00000afc   0x0000000c   Code   RO           74    .text               libspace.o(c_t.l)
    0x00000b08   0x00000020   Code   RO           77    .text               _printf_outstr_char.o(c_t.l)
    0x00000b28   0x0000000a   Code   RO           79    .text               _printf_input_char.o(c_t.l)
    0x00000b32   0x0000000c   Code   RO           81    .text               exit.o(c_t.l)
    0x00000b3e   0x00000002   PAD
    0x00000b40   0x00000008   Ven    RO           86    .text               lib_init.o(c_t.l)
    0x00000b48   0x000000ce   Code   RO           86    .text               lib_init.o(c_t.l)
    0x00000c16   0x00000002   PAD
    0x00000c18   0x0000000c   Code   RO           91    .text               boardinit2.o(c_t.l)
    0x00000c24   0x00000010   Code   RO           93    .text               boardinit3.o(c_t.l)
    0x00000c34   0x00000004   Code   RO           97    .text               use_no_semi.o(c_t.l)
    0x00000c38   0x00000004   Ven    RO          102    .text               rt_locale_intlibspace.o(c_t.l)
    0x00000c3c   0x00000010   Code   RO          102    .text               rt_locale_intlibspace.o(c_t.l)
    0x00000c4c   0x00000006   Code   RO          108    .text               no_argv.o(c_t.l)
    0x00000c52   0x00000002   PAD
    0x00000c54   0x00000010   Code   RO          117    .text               rt_fp_status_addr_intlibspace.o(c_t.l)
    0x00000c64   0x0000000c   Ven    RO          154    Veneer$$Code        anon$$obj.o
    0x00000c70   0x00000008   Ven    RO          155    Veneer$$Code        anon$$obj.o
    0x00000c78   0x00000004   Ven    RO          110    x$fpl$fpinit        fpinit.o(fz_ts.l)
    0x00000c7c   0x00000018   Code   RO          110    x$fpl$fpinit        fpinit.o(fz_ts.l)
    0x00000c94   0x00000011   Data   RO           41    .constdata          __printf.o(c_t.l)
    0x00000ca5   0x00000003   PAD
    0x00000ca8   0x00000020   Data   RO          141    Region$$Table       anon$$obj.o


    Execution Region RW_IRAM1 (Base: 0x40000000, Size: 0x000004f0, Max: 0x00008000, ABSOLUTE)

    Base Addr    Size         Type   Attr      Idx    E Section Name        Object

    0x40000000   0x00000003   Data   RW           13    .data               main.o
    0x40000003   0x00000001   PAD
    0x40000004   0x00000060   Zero   RW           75    .bss                libspace.o(c_t.l)
    0x40000064   0x00000004   PAD
    0x40000068   0x00000000   Zero   RW            2    HEAP                startup.o
    0x40000068   0x00000488   Zero   RW            1    STACK               startup.o


================================================================================

Image component sizes


      Code (inc. data)   RO Data    RW Data    ZI Data      Debug   Object Name

       724        108          0          3          0       4475   main.o
       304         60          0          0       1160        465   startup.o

    ------------------------------------------------------------------------
      1048        172         32          4       1160       4940   Object Totals
        20          4         32          0          0          0   (incl. Generated)
         0          0          0          1          0          0   (incl. Padding)

    ------------------------------------------------------------------------

      Code (inc. data)   RO Data    RW Data    ZI Data      Debug   Library Member Name

        52          4          0          0          0          0   __0sprintf.o
         8          0          0          0          0          0   __main.o
       760          6         17          0          0          0   __printf.o
        60          8          0          0          0          0   __scatter.o
        40          0          0          0          0          0   __scatter_copy.o
        44          0          0          0          0          0   __scatter_zi.o
        52          8          0          0          0          0   _printf_char_common.o
       116         18          0          0          0          0   _printf_dec.o
        10          0          0          0          0          0   _printf_input_char.o
       168          0          0          0          0          0   _printf_intcommon.o
        32          0          0          0          0          0   _printf_outstr_char.o
        84          0          0          0          0          0   _printf_pad.o
        10          0          0          0          0          0   _sputc.o
        12          0          0          0          0          0   boardinit2.o
        16          0          0          0          0          0   boardinit3.o
        16          0          0          0          0          0   callvia.o
        12          0          0          0          0          0   exit.o
        28          0          0          0          0          0   fpinit.o
       104          4          0          0          0          0   kernel.o
       234          4          0          0          0          0   lib_init.o
        12          4          0          0         96          0   libspace.o
         6          0          0          0          0          0   no_argv.o
        16          4          0          0          0          0   rt_fp_status_addr_intlibspace.o
        20          4          0          0          0          0   rt_locale_intlibspace.o
        16          4          0          0          0          0   rt_stackheap_storage_intlibspace.o
        48          0          0          0          0          0   rtudiv10.o
        64          0          0          0          0          0   stkheap2.o
        24          8          0          0          0          0   sys_exit.o
        96          0          0          0          0          0   sys_stackheap_outer.o
         4          0          0          0          0          0   use_no_semi.o

    ------------------------------------------------------------------------
      2172         76         20          0        100          0   Library Totals
         8          0          3          0          4          0   (incl. Padding)

    ------------------------------------------------------------------------

      Code (inc. data)   RO Data    RW Data    ZI Data      Debug   Library Name

      2120         76         17          0         96          0   c_t.l
        28          0          0          0          0          0   fz_ts.l
        16          0          0          0          0          0   h_t.l

    ------------------------------------------------------------------------
      2172         76         20          0        100          0   Library Totals

    ------------------------------------------------------------------------

================================================================================


      Code (inc. data)   RO Data    RW Data    ZI Data      Debug   

      3220        248         52          4       1260       4940   Grand Totals
      3220        248         52          4       1260       4940   ELF Image Totals
      3220        248         52          4          0          0   ROM Totals

================================================================================

    Total RO  Size (Code + RO Data)                 3272 (   3.20kB)
    Total RW  Size (RW Data + ZI Data)              1264 (   1.23kB)
    Total ROM Size (Code + RO Data + RW Data)       3276 (   3.20kB)

================================================================================

