C51 COMPILER V9.02   FLASH8LEDS                                                            11/20/2023 19:23:30 PAGE 1   


C51 COMPILER V9.02, COMPILATION OF MODULE FLASH8LEDS
OBJECT MODULE PLACED IN flash8leds.OBJ
COMPILER INVOKED BY: C:\Keil\C51\BIN\C51.EXE flash8leds.c OMF2 BROWSE DEBUG

line level    source

   1          /* Flash eight Active Low LEDs upto 10 times @500ms */
   2          
   3          #include<reg51.h>
   4          #include"delay.h"
   5          //#define leds_8 P2     // leds_8 equ P1
   6          sbit led1=P1^0;
   7          void delay_ms(unsigned int dly)//mov r6,#hb, mov r7,#lb
   8          {
   9   1              unsigned char i;
  10   1              for(;dly>0;dly--)//16bit condition at a time it's not possible to check 16 bit value
  11   1              // so divided into 2, 8 bits, So, 2 times have to check.2 times branch instruction has to take
  12   1              //Each time 2MC=Total 2x2=4MC
  13   1              // subtraction/dec also not possible with 16 bit
  14   1              //so, divided into 2,8-bits
  15   1              //2 times subtractions. Each time 2m.c=2x2=4MC
  16   1              {
  17   2                      for(i=255;i>0;i--);//MOV R0,#255 , DJNZ R0,$
  18   2                      for(i=232;i>0;i--);//MOV R0,#232 , DJNZ R0,4
  19   2              }
  20   1      }//RET
  21          
  22          main()
  23          {
  24   1      
  25   1              unsigned char i;
  26   1       //i;
  27   1              while(1)
  28   1              {
  29   2              delay_ms(1);//ACALL
  30   2              for(i=0;i<10;i++)
  31   2              {
  32   3                      //leds_8=0xff;//mov leds_8,#0x00//mov P1,#0x00//cpu is writing 0x00 on P1
  33   3                              led1=0x01;
  34   3                      delay_ms(1000);
  35   3                      led1=0x00;
  36   3              //      leds_8=0x00;
  37   3                      delay_ms(1000);
  38   3              }
  39   2      }        }


MODULE INFORMATION:   STATIC OVERLAYABLE
   CODE SIZE        =     58    ----
   CONSTANT SIZE    =   ----    ----
   XDATA SIZE       =   ----    ----
   PDATA SIZE       =   ----    ----
   DATA SIZE        =   ----    ----
   IDATA SIZE       =   ----    ----
   BIT SIZE         =   ----    ----
   EDATA SIZE       =   ----    ----
   HDATA SIZE       =   ----    ----
   XDATA CONST SIZE =   ----    ----
   FAR CONST SIZE   =   ----    ----
END OF MODULE INFORMATION.


C51 COMPILATION COMPLETE.  0 WARNING(S),  0 ERROR(S)
