C51 COMPILER V9.02   LED                                                                   11/21/2023 18:41:22 PAGE 1   


C51 COMPILER V9.02, COMPILATION OF MODULE LED
OBJECT MODULE PLACED IN led.OBJ
COMPILER INVOKED BY: C:\Keil\C51\BIN\C51.EXE led.c BROWSE DEBUG OBJECTEXTEND

line level    source

   1          
   2          
   3          
   4          
   5          /* Flash a Active Low LED upto 10 times */
   6          
   7          
   8          
   9          #include<reg51.h>
  10          //sfr p1=0x90;
  11           #define LED P1
  12          sbit led=P1^0;  //led equ p1.0
  13          
  14          void delay_ms(unsigned int dly)//mov r6,#hb, mov r7,#lb
  15          {
  16   1              unsigned char i;
  17   1              for(;dly>0;dly--)//16bit condition ata time it's not possible to check 16 bit value
  18   1              // so divided into 2, 8 bits, So, 2 times have to check.2 times branch instruction has to take
  19   1              //Each time 2MC=Total 2x2=4MC
  20   1              // subtraction/dec also not possible with 16 bit
  21   1              //so, divided into 2,8-bits
  22   1              //2 times subtractions. Each time 2m.c=2x2=4MC
  23   1              {
  24   2                      for(i=255;i>0;i--);
  25   2                      for(i=232;i>0;i--);
  26   2              }
  27   1      }
  28          
  29          main()
  30          {
  31   1              char i; 
  32   1              while(1)
  33   1              {                       //mov r7,#10
  34   2              for(i=0;i<10;i++)
  35   2              {                                       //iter:
  36   3                      //led=0;
  37   3                      LED=0xff;                       //clr led
  38   3                      delay_ms(500);  //acall delay_ms
  39   3                      //led=1;
  40   3                      LED=0x00;                       //setb led
  41   3                      delay_ms(500);  //acall delay_ms
  42   3              }                                       //djnz r7,iter
  43   2      }        }


MODULE INFORMATION:   STATIC OVERLAYABLE
   CODE SIZE        =     53    ----
   CONSTANT SIZE    =   ----    ----
   XDATA SIZE       =   ----    ----
   PDATA SIZE       =   ----    ----
   DATA SIZE        =   ----    ----
   IDATA SIZE       =   ----    ----
   BIT SIZE         =   ----    ----
END OF MODULE INFORMATION.


C51 COMPILATION COMPLETE.  0 WARNING(S),  0 ERROR(S)
