C51 COMPILER V9.02   LED_I2C                                                               11/28/2023 19:47:09 PAGE 1   


C51 COMPILER V9.02, COMPILATION OF MODULE LED_I2C
OBJECT MODULE PLACED IN led_i2c.OBJ
COMPILER INVOKED BY: C:\Keil\C51\BIN\C51.EXE led_i2c.c BROWSE DEBUG OBJECTEXTEND

line level    source

   1          #include<reg52.h>
   2          #include"delay.h"
   3          #include"i2c.h"
   4          #define LED P2
   5          sbit SW1=P0^3;
   6          sbit SW2=P0^4;
   7          
   8          int main()
   9          {
  10   1      int i=0;
  11   1      char ch=0;
  12   1       i2cstart();
  13   1      while(1)
  14   1      {
  15   2      if(SW1==0)
  16   2      {
  17   3      i++;
  18   3      i2cwrite(i^0x0f);
  19   3      LED=i2cread();
  20   3      }
  21   2      else if(SW2==0)
  22   2      {
  23   3      i--;
  24   3      i2cwrite(i^0x0f);
  25   3      LED=i2cread();
  26   3      }
  27   2      i2cstop();
  28   2      }
  29   1      }


MODULE INFORMATION:   STATIC OVERLAYABLE
   CODE SIZE        =     52    ----
   CONSTANT SIZE    =   ----    ----
   XDATA SIZE       =   ----    ----
   PDATA SIZE       =   ----    ----
   DATA SIZE        =   ----       3
   IDATA SIZE       =   ----    ----
   BIT SIZE         =   ----    ----
END OF MODULE INFORMATION.


C51 COMPILATION COMPLETE.  0 WARNING(S),  0 ERROR(S)
