C51 COMPILER V7.08   ADC_TEST                                                              12/08/2023 19:46:03 PAGE 1   


C51 COMPILER V7.08, COMPILATION OF MODULE ADC_TEST
OBJECT MODULE PLACED IN ADC_TEST.OBJ
COMPILER INVOKED BY: C:\Keil2\C51\BIN\C51.EXE ADC_TEST.c BROWSE DEBUG OBJECTEXTEND TABS(8)

line level    source

   1          #include <reg51.h>
   2          #include "types.h"
   3          #include "mcp3204.h"
   4          #include "lcd.h"
   5          #include "delay.h"
   6          
   7          main()
   8          {
   9   1              f32 analogR;
  10   1      
  11   1              LCD_Init();;
  12   1      
  13   1              Write_CMD_LCD(0x80);
  14   1              Write_str_LCD("MCP3204 TEST:");
  15   1              
  16   1              while(1)
  17   1              {
  18   2              analogR=Read1_ADC_MCP3204(0);
  19   2                      Write_CMD_LCD(0xC0);
  20   2                      Write_float_LCD(analogR,2);
  21   2                      Write_DAT_LCD('V');
  22   2                      delay_ms(500);
  23   2              }
  24   1      }


MODULE INFORMATION:   STATIC OVERLAYABLE
   CODE SIZE        =     63    ----
   CONSTANT SIZE    =     14    ----
   XDATA SIZE       =   ----    ----
   PDATA SIZE       =   ----    ----
   DATA SIZE        =   ----       4
   IDATA SIZE       =   ----    ----
   BIT SIZE         =   ----    ----
END OF MODULE INFORMATION.


C51 COMPILATION COMPLETE.  0 WARNING(S),  0 ERROR(S)
