ARM Linker, RVCT4.0 [Build 524] for uVision [Evaluation]

==============================================================================

Section Cross References

    startup_lpc17xx.o(RESET) refers to startup_lpc17xx.o(STACK) for __initial_sp
    startup_lpc17xx.o(RESET) refers to startup_lpc17xx.o(.text) for Reset_Handler
    startup_lpc17xx.o(RESET) refers to can.o(.text) for CAN_IRQHandler
    startup_lpc17xx.o(.text) refers to entry.o(.ARM.Collect$$$$00000000) for __main
    system_lpc17xx.o(.text) refers to system_lpc17xx.o(.data) for SystemFrequency
    can.o(.text) refers to can.o(.constdata) for CAN_BIT_TIME
    can.o(.text) refers to can.o(.data) for CAN_TxRdy
    can.o(.text) refers to can.o(.bss) for CAN_RxMsg
    candemo.o(.text) refers to adc.o(.text) for ADC_init
    candemo.o(.text) refers to led.o(.text) for LED_out
    candemo.o(.text) refers to can.o(.text) for CAN_setup
    candemo.o(.text) refers to system_lpc17xx.o(.text) for SystemInit
    candemo.o(.text) refers to glcd_spi_lpc1700.o(.text) for GLCD_Init
    candemo.o(.text) refers to candemo.o(.data) for hex_chars
    candemo.o(.text) refers to can.o(.bss) for CAN_TxMsg
    candemo.o(.text) refers to can.o(.data) for CAN_TxRdy
    led.o(.text) refers to led.o(.constdata) for led_mask
    glcd_spi_lpc1700.o(.text) refers to glcd_spi_lpc1700.o(.data) for .data
    glcd_spi_lpc1700.o(.text) refers to glcd_spi_lpc1700.o(.constdata) for Font_24x16
    entry.o(.ARM.Collect$$$$00000000) refers (Special) to entry7.o(.ARM.Collect$$$$00000007) for _main_init
    entry.o(.ARM.Collect$$$$00000000) refers (Special) to entry5.o(.ARM.Collect$$$$00000004) for _main_scatterload
    entry.o(.ARM.Collect$$$$00000000) refers (Special) to entry2.o(.ARM.Collect$$$$00000001) for _main_stk
    entry2.o(.ARM.Collect$$$$00000001) refers to entry2.o(.ARM.Collect$$$$00002712) for __lit__00000000
    entry2.o(.ARM.Collect$$$$00002712) refers to startup_lpc17xx.o(STACK) for __initial_sp
    entry2.o(__vectab_stack_and_reset_area) refers to startup_lpc17xx.o(STACK) for __initial_sp
    entry2.o(__vectab_stack_and_reset_area) refers to entry.o(.ARM.Collect$$$$00000000) for __main
    entry5.o(.ARM.Collect$$$$00000004) refers to init.o(.text) for __scatterload
    entry7.o(.ARM.Collect$$$$00000007) refers to candemo.o(.text) for main
    init.o(.text) refers to entry5.o(.ARM.Collect$$$$00000004) for __main_after_scatterload


==============================================================================

Removing Unused input sections from the image.

    Removing startup_lpc17xx.o(HEAP), (0 bytes).

1 unused section(s) (total 0 bytes) removed from the image.

==============================================================================

Image Symbol Table

    Local Symbols

    Symbol Name                              Value     Ov Type        Size  Object(Section)

    RESET                                    0x00000000   Section      196  startup_lpc17xx.o(RESET)
    ../../microlib/init/entry.s              0x00000000   Number         0  entry7.o ABSOLUTE
    ../../microlib/init/entry.s              0x00000000   Number         0  entry2.o ABSOLUTE
    ../../microlib/init/entry.s              0x00000000   Number         0  entry.o ABSOLUTE
    ../../microlib/init/entry.s              0x00000000   Number         0  entry5.o ABSOLUTE
    ADC.c                                    0x00000000   Number         0  adc.o ABSOLUTE
    CAN.c                                    0x00000000   Number         0  can.o ABSOLUTE
    CanDemo.c                                0x00000000   Number         0  candemo.o ABSOLUTE
    GLCD_SPI_LPC1700.c                       0x00000000   Number         0  glcd_spi_lpc1700.o ABSOLUTE
    LED.c                                    0x00000000   Number         0  led.o ABSOLUTE
    dc.s                                     0x00000000   Number         0  dc.o ABSOLUTE
    handlers.s                               0x00000000   Number         0  handlers.o ABSOLUTE
    init.s                                   0x00000000   Number         0  init.o ABSOLUTE
    startup_LPC17xx.s                        0x00000000   Number         0  startup_lpc17xx.o ABSOLUTE
    system_LPC17xx.c                         0x00000000   Number         0  system_lpc17xx.o ABSOLUTE
    .ARM.Collect$$$$00000000                 0x000000c4   Section        0  entry.o(.ARM.Collect$$$$00000000)
    .ARM.Collect$$$$00000001                 0x000000c4   Section        4  entry2.o(.ARM.Collect$$$$00000001)
    .ARM.Collect$$$$00000004                 0x000000c8   Section        4  entry5.o(.ARM.Collect$$$$00000004)
    .ARM.Collect$$$$00000007                 0x000000cc   Section        8  entry7.o(.ARM.Collect$$$$00000007)
    .ARM.Collect$$$$00002712                 0x000000d4   Section        4  entry2.o(.ARM.Collect$$$$00002712)
    __lit__00000000                          0x000000d4   Data           4  entry2.o(.ARM.Collect$$$$00002712)
    .text                                    0x000000d8   Section       28  startup_lpc17xx.o(.text)
    .text                                    0x000000f4   Section      480  system_lpc17xx.o(.text)
    .text                                    0x000002d4   Section       36  init.o(.text)
    i.__scatterload_null                     0x000002f8   Section        2  handlers.o(i.__scatterload_null)
    .ARM.__at_0x02FC                         0x000002fc   Section        4  startup_lpc17xx.o(.ARM.__at_0x02FC)
    .text                                    0x00000300   Section     1380  can.o(.text)
    CAN_cfgBaudrate                          0x00000301   Thumb Code    48  can.o(.text)
    NVIC_EnableIRQ                           0x0000082d   Thumb Code    24  can.o(.text)
    .text                                    0x00000864   Section      644  candemo.o(.text)
    .text                                    0x00000ae8   Section      124  adc.o(.text)
    .text                                    0x00000b64   Section      248  led.o(.text)
    .text                                    0x00000c5c   Section     1992  glcd_spi_lpc1700.o(.text)
    delay                                    0x00000c5d   Thumb Code    14  glcd_spi_lpc1700.o(.text)
    wr_cmd                                   0x00000c6b   Thumb Code    36  glcd_spi_lpc1700.o(.text)
    wr_dat                                   0x00000c8f   Thumb Code    36  glcd_spi_lpc1700.o(.text)
    rd_reg                                   0x00000cb3   Thumb Code    60  glcd_spi_lpc1700.o(.text)
    spi_send                                 0x000013a5   Thumb Code    26  glcd_spi_lpc1700.o(.text)
    wr_dat_start                             0x000013bf   Thumb Code    16  glcd_spi_lpc1700.o(.text)
    wr_dat_stop                              0x000013cf   Thumb Code     8  glcd_spi_lpc1700.o(.text)
    wr_dat_only                              0x000013d7   Thumb Code    18  glcd_spi_lpc1700.o(.text)
    wr_reg                                   0x000013e9   Thumb Code    20  glcd_spi_lpc1700.o(.text)
    i.__scatterload_copy                     0x00001424   Section       14  handlers.o(i.__scatterload_copy)
    i.__scatterload_zeroinit                 0x00001432   Section       14  handlers.o(i.__scatterload_zeroinit)
    .constdata                               0x00001440   Section       68  can.o(.constdata)
    .constdata                               0x00001484   Section       32  led.o(.constdata)
    .constdata                               0x000014a4   Section     5376  glcd_spi_lpc1700.o(.constdata)
    .data                                    0x10000000   Section        4  system_lpc17xx.o(.data)
    .data                                    0x10000004   Section       24  can.o(.data)
    CAN_std_cnt                              0x10000014   Data           4  can.o(.data)
    CAN_ext_cnt                              0x10000018   Data           4  can.o(.data)
    .data                                    0x1000001c   Section       40  candemo.o(.data)
    disp_buf                                 0x10000034   Data          16  candemo.o(.data)
    .data                                    0x10000044   Section        6  glcd_spi_lpc1700.o(.data)
    TextColor                                0x10000044   Data           2  glcd_spi_lpc1700.o(.data)
    BackColor                                0x10000046   Data           2  glcd_spi_lpc1700.o(.data)
    driverCode                               0x10000048   Data           2  glcd_spi_lpc1700.o(.data)
    .bss                                     0x1000004c   Section       64  can.o(.bss)
    STACK                                    0x10000090   Section      512  startup_lpc17xx.o(STACK)

    Global Symbols

    Symbol Name                              Value     Ov Type        Size  Object(Section)

    BuildAttributes$$THM_ISAv4$P$D$K$B$S$PE$A:L22UL41UL21$X:L11$S22US41US21$IEEE1$IW$USESV6$~STKCKD$USESV7$~SHL$OSPACE$EBA8$MICROLIB$REQ8$PRES8$EABIv2 0x00000000   Number         0  anon$$obj.o ABSOLUTE
    __ARM_use_no_argv                        0x00000000   Number         0  candemo.o ABSOLUTE
    __Vectors                                0x00000000   Data           4  startup_lpc17xx.o(RESET)
    __decompress                              - Undefined Weak Reference
    __main                                   0x000000c5   Thumb Code     0  entry.o(.ARM.Collect$$$$00000000)
    _main_stk                                0x000000c5   Thumb Code     0  entry2.o(.ARM.Collect$$$$00000001)
    _main_scatterload                        0x000000c9   Thumb Code     0  entry5.o(.ARM.Collect$$$$00000004)
    __main_after_scatterload                 0x000000cd   Thumb Code     0  entry5.o(.ARM.Collect$$$$00000004)
    _main_init                               0x000000cd   Thumb Code     0  entry7.o(.ARM.Collect$$$$00000007)
    Reset_Handler                            0x000000d9   Thumb Code     4  startup_lpc17xx.o(.text)
    NMI_Handler                              0x000000dd   Thumb Code     2  startup_lpc17xx.o(.text)
    HardFault_Handler                        0x000000df   Thumb Code     2  startup_lpc17xx.o(.text)
    MemManage_Handler                        0x000000e1   Thumb Code     2  startup_lpc17xx.o(.text)
    BusFault_Handler                         0x000000e3   Thumb Code     2  startup_lpc17xx.o(.text)
    UsageFault_Handler                       0x000000e5   Thumb Code     2  startup_lpc17xx.o(.text)
    SVC_Handler                              0x000000e7   Thumb Code     2  startup_lpc17xx.o(.text)
    DebugMon_Handler                         0x000000e9   Thumb Code     2  startup_lpc17xx.o(.text)
    PendSV_Handler                           0x000000eb   Thumb Code     2  startup_lpc17xx.o(.text)
    SysTick_Handler                          0x000000ed   Thumb Code     2  startup_lpc17xx.o(.text)
    ADC_IRQHandler                           0x000000ef   Thumb Code     0  startup_lpc17xx.o(.text)
    BOD_IRQHandler                           0x000000ef   Thumb Code     0  startup_lpc17xx.o(.text)
    DMA_IRQHandler                           0x000000ef   Thumb Code     0  startup_lpc17xx.o(.text)
    EINT0_IRQHandler                         0x000000ef   Thumb Code     0  startup_lpc17xx.o(.text)
    EINT1_IRQHandler                         0x000000ef   Thumb Code     0  startup_lpc17xx.o(.text)
    EINT2_IRQHandler                         0x000000ef   Thumb Code     0  startup_lpc17xx.o(.text)
    EINT3_IRQHandler                         0x000000ef   Thumb Code     0  startup_lpc17xx.o(.text)
    ENET_IRQHandler                          0x000000ef   Thumb Code     0  startup_lpc17xx.o(.text)
    I2C0_IRQHandler                          0x000000ef   Thumb Code     0  startup_lpc17xx.o(.text)
    I2C1_IRQHandler                          0x000000ef   Thumb Code     0  startup_lpc17xx.o(.text)
    I2C2_IRQHandler                          0x000000ef   Thumb Code     0  startup_lpc17xx.o(.text)
    I2S_IRQHandler                           0x000000ef   Thumb Code     0  startup_lpc17xx.o(.text)
    MCPWM_IRQHandler                         0x000000ef   Thumb Code     0  startup_lpc17xx.o(.text)
    PLL0_IRQHandler                          0x000000ef   Thumb Code     0  startup_lpc17xx.o(.text)
    PLL1_IRQHandler                          0x000000ef   Thumb Code     0  startup_lpc17xx.o(.text)
    PWM1_IRQHandler                          0x000000ef   Thumb Code     0  startup_lpc17xx.o(.text)
    QEI_IRQHandler                           0x000000ef   Thumb Code     0  startup_lpc17xx.o(.text)
    RIT_IRQHandler                           0x000000ef   Thumb Code     0  startup_lpc17xx.o(.text)
    RTC_IRQHandler                           0x000000ef   Thumb Code     0  startup_lpc17xx.o(.text)
    SPI_IRQHandler                           0x000000ef   Thumb Code     0  startup_lpc17xx.o(.text)
    SSP0_IRQHandler                          0x000000ef   Thumb Code     0  startup_lpc17xx.o(.text)
    SSP1_IRQHandler                          0x000000ef   Thumb Code     0  startup_lpc17xx.o(.text)
    TIMER0_IRQHandler                        0x000000ef   Thumb Code     0  startup_lpc17xx.o(.text)
    TIMER1_IRQHandler                        0x000000ef   Thumb Code     0  startup_lpc17xx.o(.text)
    TIMER2_IRQHandler                        0x000000ef   Thumb Code     0  startup_lpc17xx.o(.text)
    TIMER3_IRQHandler                        0x000000ef   Thumb Code     0  startup_lpc17xx.o(.text)
    UART0_IRQHandler                         0x000000ef   Thumb Code     0  startup_lpc17xx.o(.text)
    UART1_IRQHandler                         0x000000ef   Thumb Code     0  startup_lpc17xx.o(.text)
    UART2_IRQHandler                         0x000000ef   Thumb Code     0  startup_lpc17xx.o(.text)
    UART3_IRQHandler                         0x000000ef   Thumb Code     0  startup_lpc17xx.o(.text)
    USB_IRQHandler                           0x000000ef   Thumb Code     0  startup_lpc17xx.o(.text)
    WDT_IRQHandler                           0x000000ef   Thumb Code     0  startup_lpc17xx.o(.text)
    SystemInit                               0x000000f5   Thumb Code   452  system_lpc17xx.o(.text)
    __scatterload                            0x000002d5   Thumb Code    28  init.o(.text)
    __scatterload_rt2                        0x000002d5   Thumb Code     0  init.o(.text)
    __scatterload_null                       0x000002f9   Thumb Code     2  handlers.o(i.__scatterload_null)
    CAN_setup                                0x00000331   Thumb Code   140  can.o(.text)
    CAN_start                                0x000003bd   Thumb Code    18  can.o(.text)
    CAN_waitReady                            0x000003cf   Thumb Code    36  can.o(.text)
    CAN_wrMsg                                0x000003f3   Thumb Code    82  can.o(.text)
    CAN_rdMsg                                0x00000445   Thumb Code    50  can.o(.text)
    CAN_wrFilter                             0x00000477   Thumb Code   844  can.o(.text)
    CAN_IRQHandler                           0x000007c3   Thumb Code   106  can.o(.text)
    delay1                                   0x00000865   Thumb Code    24  candemo.o(.text)
    lcd_cmd                                  0x0000087d   Thumb Code    42  candemo.o(.text)
    lcd_config                               0x000008a7   Thumb Code    40  candemo.o(.text)
    lcd_data                                 0x000008cf   Thumb Code    42  candemo.o(.text)
    lcd_str                                  0x000008f9   Thumb Code    22  candemo.o(.text)
    lcd_num                                  0x0000090f   Thumb Code    40  candemo.o(.text)
    delay                                    0x00000937   Thumb Code    10  candemo.o(.text)
    Hex_Str                                  0x00000941   Thumb Code    38  candemo.o(.text)
    adc_Init                                 0x00000967   Thumb Code     8  candemo.o(.text)
    adc_Get                                  0x0000096f   Thumb Code    22  candemo.o(.text)
    val_display                              0x00000985   Thumb Code    60  candemo.o(.text)
    can_Init                                 0x000009c1   Thumb Code    50  candemo.o(.text)
    main                                     0x000009f3   Thumb Code   172  candemo.o(.text)
    ADC_init                                 0x00000ae9   Thumb Code    46  adc.o(.text)
    ADC_startCnv                             0x00000b17   Thumb Code    24  adc.o(.text)
    ADC_stopCnv                              0x00000b2f   Thumb Code    14  adc.o(.text)
    ADC_getCnv                               0x00000b3d   Thumb Code    22  adc.o(.text)
    LED_init                                 0x00000b65   Thumb Code    24  led.o(.text)
    LED_on                                   0x00000b7d   Thumb Code    58  led.o(.text)
    LED_off                                  0x00000bb7   Thumb Code    58  led.o(.text)
    LED_out                                  0x00000bf1   Thumb Code    98  led.o(.text)
    GLCD_Init                                0x00000cef   Thumb Code   840  glcd_spi_lpc1700.o(.text)
    GLCD_WindowMax                           0x00001037   Thumb Code    58  glcd_spi_lpc1700.o(.text)
    GLCD_PutPixel                            0x00001071   Thumb Code    44  glcd_spi_lpc1700.o(.text)
    GLCD_SetTextColor                        0x0000109d   Thumb Code     6  glcd_spi_lpc1700.o(.text)
    GLCD_SetBackColor                        0x000010a3   Thumb Code     8  glcd_spi_lpc1700.o(.text)
    GLCD_Clear                               0x000010ab   Thumb Code    58  glcd_spi_lpc1700.o(.text)
    GLCD_DrawChar                            0x000010e5   Thumb Code   156  glcd_spi_lpc1700.o(.text)
    GLCD_DisplayChar                         0x00001181   Thumb Code    42  glcd_spi_lpc1700.o(.text)
    GLCD_DisplayString                       0x000011ab   Thumb Code    36  glcd_spi_lpc1700.o(.text)
    GLCD_ClearLn                             0x000011cf   Thumb Code    20  glcd_spi_lpc1700.o(.text)
    GLCD_Bargraph                            0x000011e3   Thumb Code   158  glcd_spi_lpc1700.o(.text)
    GLCD_Bitmap                              0x00001281   Thumb Code   146  glcd_spi_lpc1700.o(.text)
    GLCD_Bmp                                 0x00001313   Thumb Code   146  glcd_spi_lpc1700.o(.text)
    __scatterload_copy                       0x00001425   Thumb Code    14  handlers.o(i.__scatterload_copy)
    __scatterload_zeroinit                   0x00001433   Thumb Code    14  handlers.o(i.__scatterload_zeroinit)
    CAN_BIT_TIME                             0x00001440   Data          68  can.o(.constdata)
    led_mask                                 0x00001484   Data          32  led.o(.constdata)
    Font_24x16                               0x000014a4   Data        5376  glcd_spi_lpc1700.o(.constdata)
    Region$$Table$$Base                      0x000029a4   Number         0  anon$$obj.o(Region$$Table)
    Region$$Table$$Limit                     0x000029c4   Number         0  anon$$obj.o(Region$$Table)
    SystemFrequency                          0x10000000   Data           4  system_lpc17xx.o(.data)
    CAN_TxRdy                                0x10000004   Data           8  can.o(.data)
    CAN_RxRdy                                0x1000000c   Data           8  can.o(.data)
    val_Tx                                   0x1000001c   Data           4  candemo.o(.data)
    val_Rx                                   0x10000020   Data           4  candemo.o(.data)
    hex_chars                                0x10000024   Data          16  candemo.o(.data)
    CAN_TxMsg                                0x1000004c   Data          32  can.o(.bss)
    CAN_RxMsg                                0x1000006c   Data          32  can.o(.bss)
    __initial_sp                             0x10000290   Data           0  startup_lpc17xx.o(STACK)



==============================================================================

Memory Map of the image

  Image Entry point : 0x000000c5

  Load Region LR_IROM1 (Base: 0x00000000, Size: 0x00002a10, Max: 0x00080000, ABSOLUTE)

    Execution Region ER_IROM1 (Base: 0x00000000, Size: 0x000029c4, Max: 0x00080000, ABSOLUTE)

    Base Addr    Size         Type   Attr      Idx    E Section Name        Object

    0x00000000   0x000000c4   Data   RO            3    RESET               startup_lpc17xx.o
    0x000000c4   0x00000000   Code   RO          157  * .ARM.Collect$$$$00000000  entry.o(mc_w.l)
    0x000000c4   0x00000004   Code   RO          160    .ARM.Collect$$$$00000001  entry2.o(mc_w.l)
    0x000000c8   0x00000004   Code   RO          163    .ARM.Collect$$$$00000004  entry5.o(mc_w.l)
    0x000000cc   0x00000008   Code   RO          164    .ARM.Collect$$$$00000007  entry7.o(mc_w.l)
    0x000000d4   0x00000004   Code   RO          161    .ARM.Collect$$$$00002712  entry2.o(mc_w.l)
    0x000000d8   0x0000001c   Code   RO            5    .text               startup_lpc17xx.o
    0x000000f4   0x000001e0   Code   RO           13    .text               system_lpc17xx.o
    0x000002d4   0x00000024   Code   RO          165    .text               init.o(mc_w.l)
    0x000002f8   0x00000002   Code   RO          170    i.__scatterload_null  handlers.o(mc_w.l)
    0x000002fa   0x00000002   PAD
    0x000002fc   0x00000004   Code   RO            4    .ARM.__at_0x02FC    startup_lpc17xx.o
    0x00000300   0x00000564   Code   RO           41    .text               can.o
    0x00000864   0x00000284   Code   RO           71    .text               candemo.o
    0x00000ae8   0x0000007c   Code   RO          105    .text               adc.o
    0x00000b64   0x000000f8   Code   RO          117    .text               led.o
    0x00000c5c   0x000007c8   Code   RO          132    .text               glcd_spi_lpc1700.o
    0x00001424   0x0000000e   Code   RO          169    i.__scatterload_copy  handlers.o(mc_w.l)
    0x00001432   0x0000000e   Code   RO          171    i.__scatterload_zeroinit  handlers.o(mc_w.l)
    0x00001440   0x00000044   Data   RO           43    .constdata          can.o
    0x00001484   0x00000020   Data   RO          118    .constdata          led.o
    0x000014a4   0x00001500   Data   RO          133    .constdata          glcd_spi_lpc1700.o
    0x000029a4   0x00000020   Data   RO          167    Region$$Table       anon$$obj.o


    Execution Region RW_IRAM1 (Base: 0x10000000, Size: 0x00000290, Max: 0x00008000, ABSOLUTE)

    Base Addr    Size         Type   Attr      Idx    E Section Name        Object

    0x10000000   0x00000004   Data   RW           14    .data               system_lpc17xx.o
    0x10000004   0x00000018   Data   RW           44    .data               can.o
    0x1000001c   0x00000028   Data   RW           72    .data               candemo.o
    0x10000044   0x00000006   Data   RW          134    .data               glcd_spi_lpc1700.o
    0x1000004a   0x00000002   PAD
    0x1000004c   0x00000040   Zero   RW           42    .bss                can.o
    0x1000008c   0x00000004   PAD
    0x10000090   0x00000200   Zero   RW            1    STACK               startup_lpc17xx.o


==============================================================================

Image component sizes


      Code (inc. data)   RO Data    RW Data    ZI Data      Debug   Object Name

       124         18          0          0          0        679   adc.o
      1380         76         68         24         64      25667   can.o
       644         74          0         40          0       2992   candemo.o
      1992         60       5376          6          0       6811   glcd_spi_lpc1700.o
       248         10         32          0          0       1329   led.o
        32          8        196          0        512        564   startup_lpc17xx.o
       480         28          0          4          0       4871   system_lpc17xx.o

    ----------------------------------------------------------------------
      4900        274       5704         76        580      42913   Object Totals
         0          0         32          0          0          0   (incl. Generated)
         0          0          0          2          4          3   (incl. Padding)

    ----------------------------------------------------------------------

      Code (inc. data)   RO Data    RW Data    ZI Data      Debug   Library Member Name

         0          0          0          0          0          0   entry.o
         8          4          0          0          0          0   entry2.o
         4          0          0          0          0          0   entry5.o
         8          4          0          0          0          0   entry7.o
        30          0          0          0          0          0   handlers.o
        36          8          0          0          0         68   init.o

    ----------------------------------------------------------------------
        88         16          0          0          0         68   Library Totals
         2          0          0          0          0          0   (incl. Padding)

    ----------------------------------------------------------------------

      Code (inc. data)   RO Data    RW Data    ZI Data      Debug   Library Name

        86         16          0          0          0         68   mc_w.l

    ----------------------------------------------------------------------
        88         16          0          0          0         68   Library Totals

    ----------------------------------------------------------------------

==============================================================================


      Code (inc. data)   RO Data    RW Data    ZI Data      Debug   

      4988        290       5704         76        580      42584   Grand Totals
      4988        290       5704         76        580      42584   ELF Image Totals
      4988        290       5704         76          0          0   ROM Totals

==============================================================================

    Total RO  Size (Code + RO Data)                10692 (  10.44kB)
    Total RW  Size (RW Data + ZI Data)               656 (   0.64kB)
    Total ROM Size (Code + RO Data + RW Data)      10768 (  10.52kB)

==============================================================================

