Archive member included to satisfy reference by file (symbol)

/home/rahulba/Embeetle/embeetle/beetle_tools/linux/gnu_arm_toolchain_10.3.1_20210824_64b/bin/../lib/gcc/arm-none-eabi/10.3.1/../../../../arm-none-eabi/lib/thumb/v7e-m+fp/hard/libc_nano.a(lib_a-exit.o)
                              /home/rahulba/Embeetle/embeetle/beetle_tools/linux/gnu_arm_toolchain_10.3.1_20210824_64b/bin/../lib/gcc/arm-none-eabi/10.3.1/../../../../arm-none-eabi/lib/thumb/v7e-m+fp/hard/crt0.o (exit)
/home/rahulba/Embeetle/embeetle/beetle_tools/linux/gnu_arm_toolchain_10.3.1_20210824_64b/bin/../lib/gcc/arm-none-eabi/10.3.1/../../../../arm-none-eabi/lib/thumb/v7e-m+fp/hard/libc_nano.a(lib_a-impure.o)
                              /home/rahulba/Embeetle/embeetle/beetle_tools/linux/gnu_arm_toolchain_10.3.1_20210824_64b/bin/../lib/gcc/arm-none-eabi/10.3.1/../../../../arm-none-eabi/lib/thumb/v7e-m+fp/hard/libc_nano.a(lib_a-exit.o) (_global_impure_ptr)
/home/rahulba/Embeetle/embeetle/beetle_tools/linux/gnu_arm_toolchain_10.3.1_20210824_64b/bin/../lib/gcc/arm-none-eabi/10.3.1/../../../../arm-none-eabi/lib/thumb/v7e-m+fp/hard/libc_nano.a(lib_a-init.o)
                              /home/rahulba/Embeetle/embeetle/beetle_tools/linux/gnu_arm_toolchain_10.3.1_20210824_64b/bin/../lib/gcc/arm-none-eabi/10.3.1/../../../../arm-none-eabi/lib/thumb/v7e-m+fp/hard/crt0.o (__libc_init_array)
/home/rahulba/Embeetle/embeetle/beetle_tools/linux/gnu_arm_toolchain_10.3.1_20210824_64b/bin/../lib/gcc/arm-none-eabi/10.3.1/../../../../arm-none-eabi/lib/thumb/v7e-m+fp/hard/libc_nano.a(lib_a-memcpy-stub.o)
                              project/source/Middlewares/Third_Party/FreeRTOS/Source/queue.c.o (memcpy)
/home/rahulba/Embeetle/embeetle/beetle_tools/linux/gnu_arm_toolchain_10.3.1_20210824_64b/bin/../lib/gcc/arm-none-eabi/10.3.1/../../../../arm-none-eabi/lib/thumb/v7e-m+fp/hard/libc_nano.a(lib_a-memset.o)
                              /home/rahulba/Embeetle/embeetle/beetle_tools/linux/gnu_arm_toolchain_10.3.1_20210824_64b/bin/../lib/gcc/arm-none-eabi/10.3.1/../../../../arm-none-eabi/lib/thumb/v7e-m+fp/hard/crt0.o (memset)
/home/rahulba/Embeetle/embeetle/beetle_tools/linux/gnu_arm_toolchain_10.3.1_20210824_64b/bin/../lib/gcc/arm-none-eabi/10.3.1/../../../../arm-none-eabi/lib/thumb/v7e-m+fp/hard/libnosys.a(_exit.o)
                              /home/rahulba/Embeetle/embeetle/beetle_tools/linux/gnu_arm_toolchain_10.3.1_20210824_64b/bin/../lib/gcc/arm-none-eabi/10.3.1/../../../../arm-none-eabi/lib/thumb/v7e-m+fp/hard/libc_nano.a(lib_a-exit.o) (_exit)
/home/rahulba/Embeetle/embeetle/beetle_tools/linux/gnu_arm_toolchain_10.3.1_20210824_64b/bin/../lib/gcc/arm-none-eabi/10.3.1/thumb/v7e-m+fp/hard/libgcc.a(_aeabi_uldivmod.o)
                              project/source/Drivers/STM32F4xx_HAL_Driver/Src/stm32f4xx_hal_rcc.c.o (__aeabi_uldivmod)
/home/rahulba/Embeetle/embeetle/beetle_tools/linux/gnu_arm_toolchain_10.3.1_20210824_64b/bin/../lib/gcc/arm-none-eabi/10.3.1/thumb/v7e-m+fp/hard/libgcc.a(_udivmoddi4.o)
                              /home/rahulba/Embeetle/embeetle/beetle_tools/linux/gnu_arm_toolchain_10.3.1_20210824_64b/bin/../lib/gcc/arm-none-eabi/10.3.1/thumb/v7e-m+fp/hard/libgcc.a(_aeabi_uldivmod.o) (__udivmoddi4)
/home/rahulba/Embeetle/embeetle/beetle_tools/linux/gnu_arm_toolchain_10.3.1_20210824_64b/bin/../lib/gcc/arm-none-eabi/10.3.1/thumb/v7e-m+fp/hard/libgcc.a(_dvmd_tls.o)
                              /home/rahulba/Embeetle/embeetle/beetle_tools/linux/gnu_arm_toolchain_10.3.1_20210824_64b/bin/../lib/gcc/arm-none-eabi/10.3.1/thumb/v7e-m+fp/hard/libgcc.a(_aeabi_uldivmod.o) (__aeabi_ldiv0)

Discarded input sections

 .text          0x0000000000000000        0x0 /home/rahulba/Embeetle/embeetle/beetle_tools/linux/gnu_arm_toolchain_10.3.1_20210824_64b/bin/../lib/gcc/arm-none-eabi/10.3.1/thumb/v7e-m+fp/hard/crti.o
 .data          0x0000000000000000        0x0 /home/rahulba/Embeetle/embeetle/beetle_tools/linux/gnu_arm_toolchain_10.3.1_20210824_64b/bin/../lib/gcc/arm-none-eabi/10.3.1/thumb/v7e-m+fp/hard/crti.o
 .bss           0x0000000000000000        0x0 /home/rahulba/Embeetle/embeetle/beetle_tools/linux/gnu_arm_toolchain_10.3.1_20210824_64b/bin/../lib/gcc/arm-none-eabi/10.3.1/thumb/v7e-m+fp/hard/crti.o
 .data          0x0000000000000000        0x4 /home/rahulba/Embeetle/embeetle/beetle_tools/linux/gnu_arm_toolchain_10.3.1_20210824_64b/bin/../lib/gcc/arm-none-eabi/10.3.1/thumb/v7e-m+fp/hard/crtbegin.o
 .rodata        0x0000000000000000       0x24 /home/rahulba/Embeetle/embeetle/beetle_tools/linux/gnu_arm_toolchain_10.3.1_20210824_64b/bin/../lib/gcc/arm-none-eabi/10.3.1/thumb/v7e-m+fp/hard/crtbegin.o
 .text          0x0000000000000000       0x7c /home/rahulba/Embeetle/embeetle/beetle_tools/linux/gnu_arm_toolchain_10.3.1_20210824_64b/bin/../lib/gcc/arm-none-eabi/10.3.1/../../../../arm-none-eabi/lib/thumb/v7e-m+fp/hard/crt0.o
[...]
Memory Configuration

Name             Origin             Length             Attributes
FLASH            0x0000000008000000 0x0000000000080000 xr
RAM              0x0000000020000000 0x0000000000020000 xrw
*default*        0x0000000000000000 0xffffffffffffffff

Linker script and memory map

LOAD /home/rahulba/Embeetle/embeetle/beetle_tools/linux/gnu_arm_toolchain_10.3.1_20210824_64b/bin/../lib/gcc/arm-none-eabi/10.3.1/thumb/v7e-m+fp/hard/crti.o
LOAD /home/rahulba/Embeetle/embeetle/beetle_tools/linux/gnu_arm_toolchain_10.3.1_20210824_64b/bin/../lib/gcc/arm-none-eabi/10.3.1/thumb/v7e-m+fp/hard/crtbegin.o
LOAD /home/rahulba/Embeetle/embeetle/beetle_tools/linux/gnu_arm_toolchain_10.3.1_20210824_64b/bin/../lib/gcc/arm-none-eabi/10.3.1/../../../../arm-none-eabi/lib/thumb/v7e-m+fp/hard/crt0.o
LOAD project/source/Drivers/STM32F4xx_HAL_Driver/Src/stm32f4xx_hal.c.o
LOAD project/source/Drivers/STM32F4xx_HAL_Driver/Src/stm32f4xx_hal_cortex.c.o
LOAD project/source/Drivers/STM32F4xx_HAL_Driver/Src/stm32f4xx_hal_dma.c.o
LOAD project/source/Drivers/STM32F4xx_HAL_Driver/Src/stm32f4xx_hal_gpio.c.o
LOAD project/source/Drivers/STM32F4xx_HAL_Driver/Src/stm32f4xx_hal_rcc.c.o
LOAD project/source/Drivers/STM32F4xx_HAL_Driver/Src/stm32f4xx_hal_rcc_ex.c.o
LOAD project/source/Drivers/STM32F4xx_HAL_Driver/Src/stm32f4xx_hal_tim.c.o
LOAD project/source/Drivers/STM32F4xx_HAL_Driver/Src/stm32f4xx_hal_tim_ex.c.o
LOAD project/source/Drivers/STM32F4xx_HAL_Driver/Src/stm32f4xx_hal_uart.c.o
LOAD project/source/Middlewares/Third_Party/FreeRTOS/Source/CMSIS_RTOS/cmsis_os.c.o
LOAD project/source/Middlewares/Third_Party/FreeRTOS/Source/list.c.o
LOAD project/source/Middlewares/Third_Party/FreeRTOS/Source/portable/GCC/ARM_CM4F/port.c.o
LOAD project/source/Middlewares/Third_Party/FreeRTOS/Source/portable/MemMang/heap_4.c.o
LOAD project/source/Middlewares/Third_Party/FreeRTOS/Source/queue.c.o
LOAD project/source/Middlewares/Third_Party/FreeRTOS/Source/tasks.c.o
LOAD project/source/user_code/freertos.c.o
LOAD project/source/user_code/main.c.o
LOAD project/source/user_code/stm32f4xx_hal_msp.c.o
LOAD project/source/user_code/stm32f4xx_hal_timebase_tim.c.o
LOAD project/source/user_code/stm32f4xx_it.c.o
LOAD project/source/user_code/system_stm32f4xx.c.o
LOAD project/source/startup_stm32f446xx.s.o
LOAD /home/rahulba/Embeetle/embeetle/beetle_tools/linux/gnu_arm_toolchain_10.3.1_20210824_64b/bin/../lib/gcc/arm-none-eabi/10.3.1/../../../../arm-none-eabi/lib/thumb/v7e-m+fp/hard/libc_nano.a
LOAD /home/rahulba/Embeetle/embeetle/beetle_tools/linux/gnu_arm_toolchain_10.3.1_20210824_64b/bin/../lib/gcc/arm-none-eabi/10.3.1/../../../../arm-none-eabi/lib/thumb/v7e-m+fp/hard/libm.a
LOAD /home/rahulba/Embeetle/embeetle/beetle_tools/linux/gnu_arm_toolchain_10.3.1_20210824_64b/bin/../lib/gcc/arm-none-eabi/10.3.1/../../../../arm-none-eabi/lib/thumb/v7e-m+fp/hard/libnosys.a
START GROUP
LOAD /home/rahulba/Embeetle/embeetle/beetle_tools/linux/gnu_arm_toolchain_10.3.1_20210824_64b/bin/../lib/gcc/arm-none-eabi/10.3.1/thumb/v7e-m+fp/hard/libgcc.a
LOAD /home/rahulba/Embeetle/embeetle/beetle_tools/linux/gnu_arm_toolchain_10.3.1_20210824_64b/bin/../lib/gcc/arm-none-eabi/10.3.1/../../../../arm-none-eabi/lib/thumb/v7e-m+fp/hard/libg_nano.a
LOAD /home/rahulba/Embeetle/embeetle/beetle_tools/linux/gnu_arm_toolchain_10.3.1_20210824_64b/bin/../lib/gcc/arm-none-eabi/10.3.1/../../../../arm-none-eabi/lib/thumb/v7e-m+fp/hard/libc_nano.a
END GROUP
START GROUP
LOAD /home/rahulba/Embeetle/embeetle/beetle_tools/linux/gnu_arm_toolchain_10.3.1_20210824_64b/bin/../lib/gcc/arm-none-eabi/10.3.1/thumb/v7e-m+fp/hard/libgcc.a
LOAD /home/rahulba/Embeetle/embeetle/beetle_tools/linux/gnu_arm_toolchain_10.3.1_20210824_64b/bin/../lib/gcc/arm-none-eabi/10.3.1/../../../../arm-none-eabi/lib/thumb/v7e-m+fp/hard/libc_nano.a
LOAD /home/rahulba/Embeetle/embeetle/beetle_tools/linux/gnu_arm_toolchain_10.3.1_20210824_64b/bin/../lib/gcc/arm-none-eabi/10.3.1/../../../../arm-none-eabi/lib/thumb/v7e-m+fp/hard/libnosys.a
END GROUP
START GROUP
LOAD /home/rahulba/Embeetle/embeetle/beetle_tools/linux/gnu_arm_toolchain_10.3.1_20210824_64b/bin/../lib/gcc/arm-none-eabi/10.3.1/thumb/v7e-m+fp/hard/libgcc.a
LOAD /home/rahulba/Embeetle/embeetle/beetle_tools/linux/gnu_arm_toolchain_10.3.1_20210824_64b/bin/../lib/gcc/arm-none-eabi/10.3.1/../../../../arm-none-eabi/lib/thumb/v7e-m+fp/hard/libc_nano.a
LOAD /home/rahulba/Embeetle/embeetle/beetle_tools/linux/gnu_arm_toolchain_10.3.1_20210824_64b/bin/../lib/gcc/arm-none-eabi/10.3.1/../../../../arm-none-eabi/lib/thumb/v7e-m+fp/hard/libnosys.a
END GROUP
LOAD /home/rahulba/Embeetle/embeetle/beetle_tools/linux/gnu_arm_toolchain_10.3.1_20210824_64b/bin/../lib/gcc/arm-none-eabi/10.3.1/thumb/v7e-m+fp/hard/crtend.o
LOAD /home/rahulba/Embeetle/embeetle/beetle_tools/linux/gnu_arm_toolchain_10.3.1_20210824_64b/bin/../lib/gcc/arm-none-eabi/10.3.1/thumb/v7e-m+fp/hard/crtn.o
                0x0000000020020000                _estack = (ORIGIN (RAM) + LENGTH (RAM))
                0x0000000000000200                _Min_Heap_Size = 0x200
                0x0000000000000400                _Min_Stack_Size = 0x400

.isr_vector     0x0000000008000000      0x1c8
                0x0000000008000000                . = ALIGN (0x8)
 *(.isr_vector)
 .isr_vector    0x0000000008000000      0x1c4 project/source/startup_stm32f446xx.s.o
                0x0000000008000000                g_pfnVectors
                0x00000000080001c8                . = ALIGN (0x8)
 *fill*         0x00000000080001c4        0x4 

.text           0x00000000080001d0     0x24e8
                0x00000000080001d0                . = ALIGN (0x8)
 *(.text)
 .text          0x00000000080001d0       0x40 /home/rahulba/Embeetle/embeetle/beetle_tools/linux/gnu_arm_toolchain_10.3.1_20210824_64b/bin/../lib/gcc/arm-none-eabi/10.3.1/thumb/v7e-m+fp/hard/crtbegin.o
 .text          0x0000000008000210       0x30 /home/rahulba/Embeetle/embeetle/beetle_tools/linux/gnu_arm_toolchain_10.3.1_20210824_64b/bin/../lib/gcc/arm-none-eabi/10.3.1/thumb/v7e-m+fp/hard/libgcc.a(_aeabi_uldivmod.o)
                0x0000000008000210                __aeabi_uldivmod
 .text          0x0000000008000240      0x2d0 /home/rahulba/Embeetle/embeetle/beetle_tools/linux/gnu_arm_toolchain_10.3.1_20210824_64b/bin/../lib/gcc/arm-none-eabi/10.3.1/thumb/v7e-m+fp/hard/libgcc.a(_udivmoddi4.o)
                0x0000000008000240                __udivmoddi4
 .text          0x0000000008000510        0x4 /home/rahulba/Embeetle/embeetle/beetle_tools/linux/gnu_arm_toolchain_10.3.1_20210824_64b/bin/../lib/gcc/arm-none-eabi/10.3.1/thumb/v7e-m+fp/hard/libgcc.a(_dvmd_tls.o)
                0x0000000008000510                __aeabi_ldiv0
                0x0000000008000510                __aeabi_idiv0
 *(.text*)
 .text.HAL_Init
                0x0000000008000514       0x34 project/source/Drivers/STM32F4xx_HAL_Driver/Src/stm32f4xx_hal.c.o
                0x0000000008000514                HAL_Init
 .text.HAL_IncTick
                0x0000000008000548       0x18 project/source/Drivers/STM32F4xx_HAL_Driver/Src/stm32f4xx_hal.c.o
                0x0000000008000548                HAL_IncTick
 .text.HAL_GetTick
                0x0000000008000560        0xc project/source/Drivers/STM32F4xx_HAL_Driver/Src/stm32f4xx_hal.c.o
                0x0000000008000560                HAL_GetTick
 .text.HAL_NVIC_SetPriorityGrouping
                0x000000000800056c       0x24 project/source/Drivers/STM32F4xx_HAL_Driver/Src/stm32f4xx_hal_cortex.c.o
                0x000000000800056c                HAL_NVIC_SetPriorityGrouping
 .text.HAL_NVIC_SetPriority
                0x0000000008000590       0x70 project/source/Drivers/STM32F4xx_HAL_Driver/Src/stm32f4xx_hal_cortex.c.o
                0x0000000008000590                HAL_NVIC_SetPriority
 .text.HAL_NVIC_EnableIRQ
                0x0000000008000600       0x1c project/source/Drivers/STM32F4xx_HAL_Driver/Src/stm32f4xx_hal_cortex.c.o
                0x0000000008000600                HAL_NVIC_EnableIRQ
 .text.HAL_GPIO_Init
                0x000000000800061c      0x1d8 project/source/Drivers/STM32F4xx_HAL_Driver/Src/stm32f4xx_hal_gpio.c.o
                0x000000000800061c                HAL_GPIO_Init
 .text.HAL_GPIO_WritePin
                0x00000000080007f4        0xc project/source/Drivers/STM32F4xx_HAL_Driver/Src/stm32f4xx_hal_gpio.c.o
                0x00000000080007f4                HAL_GPIO_WritePin
 .text.HAL_RCC_ClockConfig
                0x0000000008000800      0x160 project/source/Drivers/STM32F4xx_HAL_Driver/Src/stm32f4xx_hal_rcc.c.o
                0x0000000008000800                HAL_RCC_ClockConfig
 .text.HAL_RCC_GetHCLKFreq
                0x0000000008000960        0xc project/source/Drivers/STM32F4xx_HAL_Driver/Src/stm32f4xx_hal_rcc.c.o
                0x0000000008000960                HAL_RCC_GetHCLKFreq
 .text.HAL_RCC_GetPCLK1Freq
                0x000000000800096c       0x20 project/source/Drivers/STM32F4xx_HAL_Driver/Src/stm32f4xx_hal_rcc.c.o
                0x000000000800096c                HAL_RCC_GetPCLK1Freq
 .text.HAL_RCC_GetPCLK2Freq
                0x000000000800098c       0x20 project/source/Drivers/STM32F4xx_HAL_Driver/Src/stm32f4xx_hal_rcc.c.o
                0x000000000800098c                HAL_RCC_GetPCLK2Freq
 .text.HAL_RCC_GetClockConfig
                0x00000000080009ac       0x3c project/source/Drivers/STM32F4xx_HAL_Driver/Src/stm32f4xx_hal_rcc.c.o
                0x00000000080009ac                HAL_RCC_GetClockConfig
 .text.HAL_RCC_GetSysClockFreq
                0x00000000080009e8      0x180 project/source/Drivers/STM32F4xx_HAL_Driver/Src/stm32f4xx_hal_rcc_ex.c.o
                0x00000000080009e8                HAL_RCC_GetSysClockFreq
 .text.HAL_RCC_OscConfig
                0x0000000008000b68      0x444 project/source/Drivers/STM32F4xx_HAL_Driver/Src/stm32f4xx_hal_rcc_ex.c.o
                0x0000000008000b68                HAL_RCC_OscConfig
 .text.HAL_TIM_Base_MspInit
                0x0000000008000fac        0x2 project/source/Drivers/STM32F4xx_HAL_Driver/Src/stm32f4xx_hal_tim.c.o
                0x0000000008000fac                HAL_TIM_Base_MspInit
 *fill*         0x0000000008000fae        0x2 
 .text.HAL_TIM_Base_Start_IT
                0x0000000008000fb0       0x88 project/source/Drivers/STM32F4xx_HAL_Driver/Src/stm32f4xx_hal_tim.c.o
                0x0000000008000fb0                HAL_TIM_Base_Start_IT
 .text.HAL_TIM_OC_DelayElapsedCallback
                0x0000000008001038        0x2 project/source/Drivers/STM32F4xx_HAL_Driver/Src/stm32f4xx_hal_tim.c.o
                0x0000000008001038                HAL_TIM_OC_DelayElapsedCallback
 .text.HAL_TIM_IC_CaptureCallback
                0x000000000800103a        0x2 project/source/Drivers/STM32F4xx_HAL_Driver/Src/stm32f4xx_hal_tim.c.o
                0x000000000800103a                HAL_TIM_IC_CaptureCallback
 .text.HAL_TIM_PWM_PulseFinishedCallback
                0x000000000800103c        0x2 project/source/Drivers/STM32F4xx_HAL_Driver/Src/stm32f4xx_hal_tim.c.o
                0x000000000800103c                HAL_TIM_PWM_PulseFinishedCallback
 .text.HAL_TIM_TriggerCallback
                0x000000000800103e        0x2 project/source/Drivers/STM32F4xx_HAL_Driver/Src/stm32f4xx_hal_tim.c.o
                0x000000000800103e                HAL_TIM_TriggerCallback
 .text.HAL_TIM_IRQHandler
                0x0000000008001040      0x15e project/source/Drivers/STM32F4xx_HAL_Driver/Src/stm32f4xx_hal_tim.c.o
                0x0000000008001040                HAL_TIM_IRQHandler
 *fill*         0x000000000800119e        0x2 
 .text.TIM_Base_SetConfig
                0x00000000080011a0       0xd8 project/source/Drivers/STM32F4xx_HAL_Driver/Src/stm32f4xx_hal_tim.c.o
                0x00000000080011a0                TIM_Base_SetConfig
 .text.HAL_TIM_Base_Init
                0x0000000008001278       0x58 project/source/Drivers/STM32F4xx_HAL_Driver/Src/stm32f4xx_hal_tim.c.o
                0x0000000008001278                HAL_TIM_Base_Init
 .text.HAL_TIMEx_CommutCallback
                0x00000000080012d0        0x2 project/source/Drivers/STM32F4xx_HAL_Driver/Src/stm32f4xx_hal_tim_ex.c.o
                0x00000000080012d0                HAL_TIMEx_CommutCallback
 .text.HAL_TIMEx_BreakCallback
                0x00000000080012d2        0x2 project/source/Drivers/STM32F4xx_HAL_Driver/Src/stm32f4xx_hal_tim_ex.c.o
                0x00000000080012d2                HAL_TIMEx_BreakCallback
 .text.UART_SetConfig
                0x00000000080012d4      0x110 project/source/Drivers/STM32F4xx_HAL_Driver/Src/stm32f4xx_hal_uart.c.o
 .text.HAL_UART_Init
                0x00000000080013e4       0x60 project/source/Drivers/STM32F4xx_HAL_Driver/Src/stm32f4xx_hal_uart.c.o
                0x00000000080013e4                HAL_UART_Init
 .text.makeFreeRtosPriority
                0x0000000008001444        0xc project/source/Middlewares/Third_Party/FreeRTOS/Source/CMSIS_RTOS/cmsis_os.c.o
 .text.osKernelStart
                0x0000000008001450        0xa project/source/Middlewares/Third_Party/FreeRTOS/Source/CMSIS_RTOS/cmsis_os.c.o
                0x0000000008001450                osKernelStart
 .text.osThreadCreate
                0x000000000800145a       0x6a project/source/Middlewares/Third_Party/FreeRTOS/Source/CMSIS_RTOS/cmsis_os.c.o
                0x000000000800145a                osThreadCreate
 .text.osDelay  0x00000000080014c4        0xe project/source/Middlewares/Third_Party/FreeRTOS/Source/CMSIS_RTOS/cmsis_os.c.o
                0x00000000080014c4                osDelay
 .text.vListInitialise
                0x00000000080014d2       0x16 project/source/Middlewares/Third_Party/FreeRTOS/Source/list.c.o
                0x00000000080014d2                vListInitialise
 .text.vListInitialiseItem
                0x00000000080014e8        0x6 project/source/Middlewares/Third_Party/FreeRTOS/Source/list.c.o
                0x00000000080014e8                vListInitialiseItem
 .text.vListInsertEnd
                0x00000000080014ee       0x16 project/source/Middlewares/Third_Party/FreeRTOS/Source/list.c.o
                0x00000000080014ee                vListInsertEnd
 .text.vListInsert
                0x0000000008001504       0x32 project/source/Middlewares/Third_Party/FreeRTOS/Source/list.c.o
                0x0000000008001504                vListInsert
 .text.uxListRemove
                0x0000000008001536       0x26 project/source/Middlewares/Third_Party/FreeRTOS/Source/list.c.o
                0x0000000008001536                uxListRemove
 .text.prvTaskExitError
                0x000000000800155c       0x40 project/source/Middlewares/Third_Party/FreeRTOS/Source/portable/GCC/ARM_CM4F/port.c.o
 .text.prvPortStartFirstTask
                0x000000000800159c       0x28 project/source/Middlewares/Third_Party/FreeRTOS/Source/portable/GCC/ARM_CM4F/port.c.o
 .text.vPortEnableVFP
                0x00000000080015c4       0x14 project/source/Middlewares/Third_Party/FreeRTOS/Source/portable/GCC/ARM_CM4F/port.c.o
 .text.pxPortInitialiseStack
                0x00000000080015d8       0x2c project/source/Middlewares/Third_Party/FreeRTOS/Source/portable/GCC/ARM_CM4F/port.c.o
                0x00000000080015d8                pxPortInitialiseStack
 *fill*         0x0000000008001604        0xc 
 .text.SVC_Handler
                0x0000000008001610       0x24 project/source/Middlewares/Third_Party/FreeRTOS/Source/portable/GCC/ARM_CM4F/port.c.o
                0x0000000008001610                SVC_Handler
 .text.vPortEnterCritical
                0x0000000008001634       0x44 project/source/Middlewares/Third_Party/FreeRTOS/Source/portable/GCC/ARM_CM4F/port.c.o
                0x0000000008001634                vPortEnterCritical
 .text.vPortExitCritical
                0x0000000008001678       0x2c project/source/Middlewares/Third_Party/FreeRTOS/Source/portable/GCC/ARM_CM4F/port.c.o
                0x0000000008001678                vPortExitCritical
 *fill*         0x00000000080016a4        0xc 
 .text.PendSV_Handler
                0x00000000080016b0       0x64 project/source/Middlewares/Third_Party/FreeRTOS/Source/portable/GCC/ARM_CM4F/port.c.o
                0x00000000080016b0                PendSV_Handler
 .text.SysTick_Handler
                0x0000000008001714       0x2c project/source/Middlewares/Third_Party/FreeRTOS/Source/portable/GCC/ARM_CM4F/port.c.o
                0x0000000008001714                SysTick_Handler
 .text.vPortSetupTimerInterrupt
                0x0000000008001740       0x28 project/source/Middlewares/Third_Party/FreeRTOS/Source/portable/GCC/ARM_CM4F/port.c.o
                0x0000000008001740                vPortSetupTimerInterrupt
 .text.xPortStartScheduler
                0x0000000008001768      0x118 project/source/Middlewares/Third_Party/FreeRTOS/Source/portable/GCC/ARM_CM4F/port.c.o
                0x0000000008001768                xPortStartScheduler
 .text.prvHeapInit
                0x0000000008001880       0x64 project/source/Middlewares/Third_Party/FreeRTOS/Source/portable/MemMang/heap_4.c.o
 .text.prvInsertBlockIntoFreeList
                0x00000000080018e4       0x64 project/source/Middlewares/Third_Party/FreeRTOS/Source/portable/MemMang/heap_4.c.o
 .text.pvPortMalloc
                0x0000000008001948       0xfc project/source/Middlewares/Third_Party/FreeRTOS/Source/portable/MemMang/heap_4.c.o
                0x0000000008001948                pvPortMalloc
 .text.vPortFree
                0x0000000008001a44       0x7c project/source/Middlewares/Third_Party/FreeRTOS/Source/portable/MemMang/heap_4.c.o
                0x0000000008001a44                vPortFree
 .text.prvResetNextTaskUnblockTime
                0x0000000008001ac0       0x2c project/source/Middlewares/Third_Party/FreeRTOS/Source/tasks.c.o
 .text.prvInitialiseNewTask
                0x0000000008001aec       0xa2 project/source/Middlewares/Third_Party/FreeRTOS/Source/tasks.c.o
 *fill*         0x0000000008001b8e        0x2 
 .text.prvInitialiseTaskLists
                0x0000000008001b90       0x68 project/source/Middlewares/Third_Party/FreeRTOS/Source/tasks.c.o
 .text.prvAddNewTaskToReadyList
                0x0000000008001bf8       0xa8 project/source/Middlewares/Third_Party/FreeRTOS/Source/tasks.c.o
 .text.prvDeleteTCB
                0x0000000008001ca0       0x38 project/source/Middlewares/Third_Party/FreeRTOS/Source/tasks.c.o
 .text.prvCheckTasksWaitingTermination
                0x0000000008001cd8       0x4c project/source/Middlewares/Third_Party/FreeRTOS/Source/tasks.c.o
 .text.prvIdleTask
                0x0000000008001d24       0x28 project/source/Middlewares/Third_Party/FreeRTOS/Source/tasks.c.o
 .text.prvAddCurrentTaskToDelayedList
                0x0000000008001d4c       0x98 project/source/Middlewares/Third_Party/FreeRTOS/Source/tasks.c.o
 .text.xTaskCreateStatic
                0x0000000008001de4       0x76 project/source/Middlewares/Third_Party/FreeRTOS/Source/tasks.c.o
                0x0000000008001de4                xTaskCreateStatic
 .text.xTaskCreate
                0x0000000008001e5a       0x68 project/source/Middlewares/Third_Party/FreeRTOS/Source/tasks.c.o
                0x0000000008001e5a                xTaskCreate
 *fill*         0x0000000008001ec2        0x2 
 .text.vTaskStartScheduler
                0x0000000008001ec4       0x74 project/source/Middlewares/Third_Party/FreeRTOS/Source/tasks.c.o
                0x0000000008001ec4                vTaskStartScheduler
 .text.vTaskSuspendAll
                0x0000000008001f38       0x10 project/source/Middlewares/Third_Party/FreeRTOS/Source/tasks.c.o
                0x0000000008001f38                vTaskSuspendAll
 .text.xTaskIncrementTick
                0x0000000008001f48      0x118 project/source/Middlewares/Third_Party/FreeRTOS/Source/tasks.c.o
                0x0000000008001f48                xTaskIncrementTick
 .text.xTaskResumeAll
                0x0000000008002060       0xf8 project/source/Middlewares/Third_Party/FreeRTOS/Source/tasks.c.o
                0x0000000008002060                xTaskResumeAll
 .text.vTaskDelay
                0x0000000008002158       0x4c project/source/Middlewares/Third_Party/FreeRTOS/Source/tasks.c.o
                0x0000000008002158                vTaskDelay
 .text.vTaskSwitchContext
                0x00000000080021a4       0x98 project/source/Middlewares/Third_Party/FreeRTOS/Source/tasks.c.o
                0x00000000080021a4                vTaskSwitchContext
 .text.vApplicationGetIdleTaskMemory
                0x000000000800223c       0x18 project/source/user_code/freertos.c.o
                0x000000000800223c                vApplicationGetIdleTaskMemory
 .text.MX_GPIO_Init
                0x0000000008002254       0xb8 project/source/user_code/main.c.o
 .text.StartDefaultTask
                0x000000000800230c       0x30 project/source/user_code/main.c.o
                0x000000000800230c                StartDefaultTask
 .text.HAL_TIM_PeriodElapsedCallback
                0x000000000800233c       0x18 project/source/user_code/main.c.o
                0x000000000800233c                HAL_TIM_PeriodElapsedCallback
 .text.Error_Handler
                0x0000000008002354        0x4 project/source/user_code/main.c.o
                0x0000000008002354                Error_Handler
 .text.MX_USART2_UART_Init
                0x0000000008002358       0x34 project/source/user_code/main.c.o
 .text.SystemClock_Config
                0x000000000800238c       0xa4 project/source/user_code/main.c.o
                0x000000000800238c                SystemClock_Config
 .text.main     0x0000000008002430       0x44 project/source/user_code/main.c.o
                0x0000000008002430                main
 .text.HAL_MspInit
                0x0000000008002474       0x44 project/source/user_code/stm32f4xx_hal_msp.c.o
                0x0000000008002474                HAL_MspInit
 .text.HAL_UART_MspInit
                0x00000000080024b8       0x70 project/source/user_code/stm32f4xx_hal_msp.c.o
                0x00000000080024b8                HAL_UART_MspInit
 .text.HAL_InitTick
                0x0000000008002528       0x98 project/source/user_code/stm32f4xx_hal_timebase_tim.c.o
                0x0000000008002528                HAL_InitTick
 .text.NMI_Handler
                0x00000000080025c0        0x2 project/source/user_code/stm32f4xx_it.c.o
                0x00000000080025c0                NMI_Handler
 .text.HardFault_Handler
                0x00000000080025c2        0x2 project/source/user_code/stm32f4xx_it.c.o
                0x00000000080025c2                HardFault_Handler
 .text.MemManage_Handler
                0x00000000080025c4        0x2 project/source/user_code/stm32f4xx_it.c.o
                0x00000000080025c4                MemManage_Handler
 .text.BusFault_Handler
                0x00000000080025c6        0x2 project/source/user_code/stm32f4xx_it.c.o
                0x00000000080025c6                BusFault_Handler
 .text.UsageFault_Handler
                0x00000000080025c8        0x2 project/source/user_code/stm32f4xx_it.c.o
                0x00000000080025c8                UsageFault_Handler
 .text.DebugMon_Handler
                0x00000000080025ca        0x2 project/source/user_code/stm32f4xx_it.c.o
                0x00000000080025ca                DebugMon_Handler
 .text.TIM1_UP_TIM10_IRQHandler
                0x00000000080025cc       0x10 project/source/user_code/stm32f4xx_it.c.o
                0x00000000080025cc                TIM1_UP_TIM10_IRQHandler
 .text.SystemInit
                0x00000000080025dc       0x14 project/source/user_code/system_stm32f4xx.c.o
                0x00000000080025dc                SystemInit
 .text.Reset_Handler
                0x00000000080025f0       0x50 project/source/startup_stm32f446xx.s.o
                0x00000000080025f0                Reset_Handler
 .text.Default_Handler
                0x0000000008002640        0x2 project/source/startup_stm32f446xx.s.o
                0x0000000008002640                RTC_Alarm_IRQHandler
                0x0000000008002640                EXTI2_IRQHandler
                0x0000000008002640                TIM8_CC_IRQHandler
                0x0000000008002640                FMPI2C1_EV_IRQHandler
                0x0000000008002640                SPI4_IRQHandler
                0x0000000008002640                TIM1_CC_IRQHandler
                0x0000000008002640                DMA2_Stream5_IRQHandler
                0x0000000008002640                DMA1_Stream5_IRQHandler
                0x0000000008002640                PVD_IRQHandler
                0x0000000008002640                SDIO_IRQHandler
                0x0000000008002640                TAMP_STAMP_IRQHandler
                0x0000000008002640                CAN2_RX1_IRQHandler
                0x0000000008002640                EXTI3_IRQHandler
                0x0000000008002640                TIM8_TRG_COM_TIM14_IRQHandler
                0x0000000008002640                TIM8_UP_TIM13_IRQHandler
                0x0000000008002640                I2C3_ER_IRQHandler
                0x0000000008002640                EXTI0_IRQHandler
                0x0000000008002640                I2C2_EV_IRQHandler
                0x0000000008002640                DMA1_Stream2_IRQHandler
                0x0000000008002640                CAN1_RX0_IRQHandler
                0x0000000008002640                FPU_IRQHandler
                0x0000000008002640                OTG_HS_WKUP_IRQHandler
                0x0000000008002640                CAN2_SCE_IRQHandler
                0x0000000008002640                DMA2_Stream2_IRQHandler
                0x0000000008002640                SPI1_IRQHandler
                0x0000000008002640                TIM6_DAC_IRQHandler
                0x0000000008002640                TIM1_BRK_TIM9_IRQHandler
                0x0000000008002640                DCMI_IRQHandler
                0x0000000008002640                CAN2_RX0_IRQHandler
                0x0000000008002640                DMA2_Stream3_IRQHandler
                0x0000000008002640                SAI2_IRQHandler
                0x0000000008002640                USART6_IRQHandler
                0x0000000008002640                USART3_IRQHandler
                0x0000000008002640                CAN1_RX1_IRQHandler
                0x0000000008002640                UART5_IRQHandler
                0x0000000008002640                DMA2_Stream0_IRQHandler
                0x0000000008002640                TIM4_IRQHandler
                0x0000000008002640                QUADSPI_IRQHandler
                0x0000000008002640                I2C1_EV_IRQHandler
                0x0000000008002640                DMA1_Stream6_IRQHandler
                0x0000000008002640                DMA1_Stream1_IRQHandler
                0x0000000008002640                UART4_IRQHandler
                0x0000000008002640                TIM3_IRQHandler
                0x0000000008002640                RCC_IRQHandler
                0x0000000008002640                TIM8_BRK_TIM12_IRQHandler
                0x0000000008002640                Default_Handler
                0x0000000008002640                CEC_IRQHandler
                0x0000000008002640                EXTI15_10_IRQHandler
                0x0000000008002640                ADC_IRQHandler
                0x0000000008002640                DMA1_Stream7_IRQHandler
                0x0000000008002640                TIM7_IRQHandler
                0x0000000008002640                CAN2_TX_IRQHandler
                0x0000000008002640                TIM5_IRQHandler
                0x0000000008002640                DMA2_Stream7_IRQHandler
                0x0000000008002640                I2C3_EV_IRQHandler
                0x0000000008002640                EXTI9_5_IRQHandler
                0x0000000008002640                RTC_WKUP_IRQHandler
                0x0000000008002640                SPDIF_RX_IRQHandler
                0x0000000008002640                SPI2_IRQHandler
                0x0000000008002640                OTG_HS_EP1_IN_IRQHandler
                0x0000000008002640                DMA1_Stream0_IRQHandler
                0x0000000008002640                CAN1_TX_IRQHandler
                0x0000000008002640                FMPI2C1_ER_IRQHandler
                0x0000000008002640                EXTI4_IRQHandler
                0x0000000008002640                OTG_HS_EP1_OUT_IRQHandler
                0x0000000008002640                WWDG_IRQHandler
                0x0000000008002640                TIM2_IRQHandler
                0x0000000008002640                OTG_FS_WKUP_IRQHandler
                0x0000000008002640                TIM1_TRG_COM_TIM11_IRQHandler
                0x0000000008002640                OTG_HS_IRQHandler
                0x0000000008002640                EXTI1_IRQHandler
                0x0000000008002640                USART2_IRQHandler
                0x0000000008002640                I2C2_ER_IRQHandler
                0x0000000008002640                DMA2_Stream1_IRQHandler
                0x0000000008002640                CAN1_SCE_IRQHandler
                0x0000000008002640                FLASH_IRQHandler
                0x0000000008002640                DMA2_Stream4_IRQHandler
                0x0000000008002640                USART1_IRQHandler
                0x0000000008002640                OTG_FS_IRQHandler
                0x0000000008002640                SPI3_IRQHandler
                0x0000000008002640                DMA1_Stream4_IRQHandler
                0x0000000008002640                I2C1_ER_IRQHandler
                0x0000000008002640                FMC_IRQHandler
                0x0000000008002640                DMA2_Stream6_IRQHandler
                0x0000000008002640                SAI1_IRQHandler
                0x0000000008002640                DMA1_Stream3_IRQHandler
 *fill*         0x0000000008002642        0x2 
 .text.__libc_init_array
                0x0000000008002644       0x48 /home/rahulba/Embeetle/embeetle/beetle_tools/linux/gnu_arm_toolchain_10.3.1_20210824_64b/bin/../lib/gcc/arm-none-eabi/10.3.1/../../../../arm-none-eabi/lib/thumb/v7e-m+fp/hard/libc_nano.a(lib_a-init.o)
                0x0000000008002644                __libc_init_array
 .text.memset   0x000000000800268c       0x10 /home/rahulba/Embeetle/embeetle/beetle_tools/linux/gnu_arm_toolchain_10.3.1_20210824_64b/bin/../lib/gcc/arm-none-eabi/10.3.1/../../../../arm-none-eabi/lib/thumb/v7e-m+fp/hard/libc_nano.a(lib_a-memset.o)
                0x000000000800268c                memset
 *(.glue_7)
 .glue_7        0x000000000800269c        0x0 linker stubs
 *(.glue_7t)
 .glue_7t       0x000000000800269c        0x0 linker stubs
 *(.eh_frame)
 .eh_frame      0x000000000800269c        0x0 /home/rahulba/Embeetle/embeetle/beetle_tools/linux/gnu_arm_toolchain_10.3.1_20210824_64b/bin/../lib/gcc/arm-none-eabi/10.3.1/thumb/v7e-m+fp/hard/crtbegin.o
 *(.init)
 .init          0x000000000800269c        0x4 /home/rahulba/Embeetle/embeetle/beetle_tools/linux/gnu_arm_toolchain_10.3.1_20210824_64b/bin/../lib/gcc/arm-none-eabi/10.3.1/thumb/v7e-m+fp/hard/crti.o
                0x000000000800269c                _init
 .init          0x00000000080026a0        0x8 /home/rahulba/Embeetle/embeetle/beetle_tools/linux/gnu_arm_toolchain_10.3.1_20210824_64b/bin/../lib/gcc/arm-none-eabi/10.3.1/thumb/v7e-m+fp/hard/crtn.o
 *(.fini)
 .fini          0x00000000080026a8        0x4 /home/rahulba/Embeetle/embeetle/beetle_tools/linux/gnu_arm_toolchain_10.3.1_20210824_64b/bin/../lib/gcc/arm-none-eabi/10.3.1/thumb/v7e-m+fp/hard/crti.o
                0x00000000080026a8                _fini
 .fini          0x00000000080026ac        0x8 /home/rahulba/Embeetle/embeetle/beetle_tools/linux/gnu_arm_toolchain_10.3.1_20210824_64b/bin/../lib/gcc/arm-none-eabi/10.3.1/thumb/v7e-m+fp/hard/crtn.o
                0x00000000080026b8                . = ALIGN (0x8)
 *fill*         0x00000000080026b4        0x4 
                0x00000000080026b8                _etext = .

.vfp11_veneer   0x00000000080026b8        0x0
 .vfp11_veneer  0x00000000080026b8        0x0 linker stubs

.v4_bx          0x00000000080026b8        0x0
 .v4_bx         0x00000000080026b8        0x0 linker stubs

.iplt           0x00000000080026b8        0x0
 .iplt          0x00000000080026b8        0x0 /home/rahulba/Embeetle/embeetle/beetle_tools/linux/gnu_arm_toolchain_10.3.1_20210824_64b/bin/../lib/gcc/arm-none-eabi/10.3.1/thumb/v7e-m+fp/hard/crtbegin.o

.rodata         0x00000000080026b8       0x48
                0x00000000080026b8                . = ALIGN (0x8)
 *(.rodata)
 .rodata        0x00000000080026b8       0x1c project/source/user_code/main.c.o
 *(.rodata*)
 .rodata.vTaskStartScheduler.str1.4
                0x00000000080026d4        0x5 project/source/Middlewares/Third_Party/FreeRTOS/Source/tasks.c.o
 *fill*         0x00000000080026d9        0x3 
 .rodata.str1.4
                0x00000000080026dc        0xc project/source/user_code/main.c.o
 .rodata.AHBPrescTable
                0x00000000080026e8       0x10 project/source/user_code/system_stm32f4xx.c.o
                0x00000000080026e8                AHBPrescTable
 .rodata.APBPrescTable
                0x00000000080026f8        0x8 project/source/user_code/system_stm32f4xx.c.o
                0x00000000080026f8                APBPrescTable
                0x0000000008002700                . = ALIGN (0x8)

.ARM.extab      0x0000000008002700        0x0
                0x0000000008002700                . = ALIGN (0x8)
 *(.ARM.extab* .gnu.linkonce.armextab.*)
                0x0000000008002700                . = ALIGN (0x8)

.ARM            0x0000000008002700        0x8
                0x0000000008002700                . = ALIGN (0x8)
                0x0000000008002700                __exidx_start = .
 *(.ARM.exidx*)
 .ARM.exidx     0x0000000008002700        0x8 /home/rahulba/Embeetle/embeetle/beetle_tools/linux/gnu_arm_toolchain_10.3.1_20210824_64b/bin/../lib/gcc/arm-none-eabi/10.3.1/thumb/v7e-m+fp/hard/libgcc.a(_udivmoddi4.o)
                0x0000000008002708                __exidx_end = .
                0x0000000008002708                . = ALIGN (0x8)

.rel.dyn        0x0000000008002708        0x0
 .rel.iplt      0x0000000008002708        0x0 /home/rahulba/Embeetle/embeetle/beetle_tools/linux/gnu_arm_toolchain_10.3.1_20210824_64b/bin/../lib/gcc/arm-none-eabi/10.3.1/thumb/v7e-m+fp/hard/crtbegin.o

.preinit_array  0x0000000008002708        0x0
                0x0000000008002708                . = ALIGN (0x8)
                0x0000000008002708                PROVIDE (__preinit_array_start = .)
 *(.preinit_array*)
                0x0000000008002708                PROVIDE (__preinit_array_end = .)
                0x0000000008002708                . = ALIGN (0x8)

.init_array     0x0000000008002708        0x8
                0x0000000008002708                . = ALIGN (0x8)
                0x0000000008002708                PROVIDE (__init_array_start = .)
 *(SORT_BY_NAME(.init_array.*))
 *(.init_array*)
 .init_array    0x0000000008002708        0x4 /home/rahulba/Embeetle/embeetle/beetle_tools/linux/gnu_arm_toolchain_10.3.1_20210824_64b/bin/../lib/gcc/arm-none-eabi/10.3.1/thumb/v7e-m+fp/hard/crtbegin.o
                0x000000000800270c                PROVIDE (__init_array_end = .)
                0x0000000008002710                . = ALIGN (0x8)
 *fill*         0x000000000800270c        0x4 

.fini_array     0x0000000008002710        0x8
                0x0000000008002710                . = ALIGN (0x8)
                [!provide]                        PROVIDE (__fini_array_start = .)
 *(SORT_BY_NAME(.fini_array.*))
 *(.fini_array*)
 .fini_array    0x0000000008002710        0x4 /home/rahulba/Embeetle/embeetle/beetle_tools/linux/gnu_arm_toolchain_10.3.1_20210824_64b/bin/../lib/gcc/arm-none-eabi/10.3.1/thumb/v7e-m+fp/hard/crtbegin.o
                [!provide]                        PROVIDE (__fini_array_end = .)
                0x0000000008002718                . = ALIGN (0x8)
 *fill*         0x0000000008002714        0x4 
                0x0000000008002718                _sidata = LOADADDR (.data)

.data           0x0000000020000000       0x10 load address 0x0000000008002718
                0x0000000020000000                . = ALIGN (0x8)
                0x0000000020000000                _sdata = .
 *(.data)
 *(.data*)
 .data.uwTickFreq
                0x0000000020000000        0x1 project/source/Drivers/STM32F4xx_HAL_Driver/Src/stm32f4xx_hal.c.o
                0x0000000020000000                uwTickFreq
 *fill*         0x0000000020000001        0x3 
 .data.uwTickPrio
                0x0000000020000004        0x4 project/source/Drivers/STM32F4xx_HAL_Driver/Src/stm32f4xx_hal.c.o
                0x0000000020000004                uwTickPrio
 .data.uxCriticalNesting
                0x0000000020000008        0x4 project/source/Middlewares/Third_Party/FreeRTOS/Source/portable/GCC/ARM_CM4F/port.c.o
 .data.SystemCoreClock
                0x000000002000000c        0x4 project/source/user_code/system_stm32f4xx.c.o
                0x000000002000000c                SystemCoreClock
                0x0000000020000010                . = ALIGN (0x8)
                0x0000000020000010                _edata = .

.igot.plt       0x0000000020000010        0x0 load address 0x0000000008002728
 .igot.plt      0x0000000020000010        0x0 /home/rahulba/Embeetle/embeetle/beetle_tools/linux/gnu_arm_toolchain_10.3.1_20210824_64b/bin/../lib/gcc/arm-none-eabi/10.3.1/thumb/v7e-m+fp/hard/crtbegin.o
                0x0000000020000010                . = ALIGN (0x8)

.bss            0x0000000020000010     0x4060 load address 0x0000000008002728
                0x0000000020000010                _sbss = .
                0x0000000020000010                __bss_start__ = _sbss
 *(.bss)
 .bss           0x0000000020000010       0x1c /home/rahulba/Embeetle/embeetle/beetle_tools/linux/gnu_arm_toolchain_10.3.1_20210824_64b/bin/../lib/gcc/arm-none-eabi/10.3.1/thumb/v7e-m+fp/hard/crtbegin.o
 *(.bss*)
 .bss.uwTick    0x000000002000002c        0x4 project/source/Drivers/STM32F4xx_HAL_Driver/Src/stm32f4xx_hal.c.o
                0x000000002000002c                uwTick
 .bss.ucMaxSysCallPriority
                0x0000000020000030        0x1 project/source/Middlewares/Third_Party/FreeRTOS/Source/portable/GCC/ARM_CM4F/port.c.o
 *fill*         0x0000000020000031        0x3 
 .bss.ulMaxPRIGROUPValue
                0x0000000020000034        0x4 project/source/Middlewares/Third_Party/FreeRTOS/Source/portable/GCC/ARM_CM4F/port.c.o
 .bss.pxEnd     0x0000000020000038        0x4 project/source/Middlewares/Third_Party/FreeRTOS/Source/portable/MemMang/heap_4.c.o
 .bss.ucHeap    0x000000002000003c     0x3c00 project/source/Middlewares/Third_Party/FreeRTOS/Source/portable/MemMang/heap_4.c.o
 .bss.xBlockAllocatedBit
                0x0000000020003c3c        0x4 project/source/Middlewares/Third_Party/FreeRTOS/Source/portable/MemMang/heap_4.c.o
 .bss.xFreeBytesRemaining
                0x0000000020003c40        0x4 project/source/Middlewares/Third_Party/FreeRTOS/Source/portable/MemMang/heap_4.c.o
 .bss.xMinimumEverFreeBytesRemaining
                0x0000000020003c44        0x4 project/source/Middlewares/Third_Party/FreeRTOS/Source/portable/MemMang/heap_4.c.o
 .bss.xNumberOfSuccessfulAllocations
                0x0000000020003c48        0x4 project/source/Middlewares/Third_Party/FreeRTOS/Source/portable/MemMang/heap_4.c.o
 .bss.xNumberOfSuccessfulFrees
                0x0000000020003c4c        0x4 project/source/Middlewares/Third_Party/FreeRTOS/Source/portable/MemMang/heap_4.c.o
 .bss.xStart    0x0000000020003c50        0x8 project/source/Middlewares/Third_Party/FreeRTOS/Source/portable/MemMang/heap_4.c.o
 .bss.pxCurrentTCB
                0x0000000020003c58        0x4 project/source/Middlewares/Third_Party/FreeRTOS/Source/tasks.c.o
                0x0000000020003c58                pxCurrentTCB
 .bss.pxDelayedTaskList
                0x0000000020003c5c        0x4 project/source/Middlewares/Third_Party/FreeRTOS/Source/tasks.c.o
 .bss.pxOverflowDelayedTaskList
                0x0000000020003c60        0x4 project/source/Middlewares/Third_Party/FreeRTOS/Source/tasks.c.o
 .bss.pxReadyTasksLists
                0x0000000020003c64       0x8c project/source/Middlewares/Third_Party/FreeRTOS/Source/tasks.c.o
 .bss.uxCurrentNumberOfTasks
                0x0000000020003cf0        0x4 project/source/Middlewares/Third_Party/FreeRTOS/Source/tasks.c.o
 .bss.uxDeletedTasksWaitingCleanUp
                0x0000000020003cf4        0x4 project/source/Middlewares/Third_Party/FreeRTOS/Source/tasks.c.o
 .bss.uxSchedulerSuspended
                0x0000000020003cf8        0x4 project/source/Middlewares/Third_Party/FreeRTOS/Source/tasks.c.o
 .bss.uxTaskNumber
                0x0000000020003cfc        0x4 project/source/Middlewares/Third_Party/FreeRTOS/Source/tasks.c.o
 .bss.uxTopReadyPriority
                0x0000000020003d00        0x4 project/source/Middlewares/Third_Party/FreeRTOS/Source/tasks.c.o
 .bss.xDelayedTaskList1
                0x0000000020003d04       0x14 project/source/Middlewares/Third_Party/FreeRTOS/Source/tasks.c.o
 .bss.xDelayedTaskList2
                0x0000000020003d18       0x14 project/source/Middlewares/Third_Party/FreeRTOS/Source/tasks.c.o
 .bss.xIdleTaskHandle
                0x0000000020003d2c        0x4 project/source/Middlewares/Third_Party/FreeRTOS/Source/tasks.c.o
 .bss.xNextTaskUnblockTime
                0x0000000020003d30        0x4 project/source/Middlewares/Third_Party/FreeRTOS/Source/tasks.c.o
 .bss.xNumOfOverflows
                0x0000000020003d34        0x4 project/source/Middlewares/Third_Party/FreeRTOS/Source/tasks.c.o
 .bss.xPendedTicks
                0x0000000020003d38        0x4 project/source/Middlewares/Third_Party/FreeRTOS/Source/tasks.c.o
 .bss.xPendingReadyList
                0x0000000020003d3c       0x14 project/source/Middlewares/Third_Party/FreeRTOS/Source/tasks.c.o
 .bss.xSchedulerRunning
                0x0000000020003d50        0x4 project/source/Middlewares/Third_Party/FreeRTOS/Source/tasks.c.o
 .bss.xSuspendedTaskList
                0x0000000020003d54       0x14 project/source/Middlewares/Third_Party/FreeRTOS/Source/tasks.c.o
 .bss.xTasksWaitingTermination
                0x0000000020003d68       0x14 project/source/Middlewares/Third_Party/FreeRTOS/Source/tasks.c.o
 .bss.xTickCount
                0x0000000020003d7c        0x4 project/source/Middlewares/Third_Party/FreeRTOS/Source/tasks.c.o
 .bss.xYieldPending
                0x0000000020003d80        0x4 project/source/Middlewares/Third_Party/FreeRTOS/Source/tasks.c.o
 .bss.xIdleStack
                0x0000000020003d84      0x200 project/source/user_code/freertos.c.o
 .bss.xIdleTaskTCBBuffer
                0x0000000020003f84       0x54 project/source/user_code/freertos.c.o
 .bss.defaultTaskHandle
                0x0000000020003fd8        0x4 project/source/user_code/main.c.o
                0x0000000020003fd8                defaultTaskHandle
 .bss.huart2    0x0000000020003fdc       0x48 project/source/user_code/main.c.o
                0x0000000020003fdc                huart2
 .bss.htim1     0x0000000020004024       0x48 project/source/user_code/stm32f4xx_hal_timebase_tim.c.o
                0x0000000020004024                htim1
 *(COMMON)
                0x0000000020004070                . = ALIGN (0x8)
 *fill*         0x000000002000406c        0x4 
                0x0000000020004070                _ebss = .
                0x0000000020004070                __bss_end__ = _ebss

._user_heap_stack
                0x0000000020004070      0x600 load address 0x0000000008002728
                0x0000000020004070                . = ALIGN (0x8)
                [!provide]                        PROVIDE (end = .)
                [!provide]                        PROVIDE (_end = .)
                0x0000000020004270                . = (. + _Min_Heap_Size)
 *fill*         0x0000000020004070      0x200 
                0x0000000020004670                . = (. + _Min_Stack_Size)
 *fill*         0x0000000020004270      0x400 
                0x0000000020004670                . = ALIGN (0x8)

/DISCARD/
 libc.a(*)
 libm.a(*)
 libgcc.a(*)

.ARM.attributes
                0x0000000000000000       0x30
 *(.ARM.attributes)
 .ARM.attributes
                0x0000000000000000       0x1e /home/rahulba/Embeetle/embeetle/beetle_tools/linux/gnu_arm_toolchain_10.3.1_20210824_64b/bin/../lib/gcc/arm-none-eabi/10.3.1/thumb/v7e-m+fp/hard/crti.o
 .ARM.attributes
                0x000000000000001e       0x34 /home/rahulba/Embeetle/embeetle/beetle_tools/linux/gnu_arm_toolchain_10.3.1_20210824_64b/bin/../lib/gcc/arm-none-eabi/10.3.1/thumb/v7e-m+fp/hard/crtbegin.o
 .ARM.attributes
                0x0000000000000052       0x34 project/source/Drivers/STM32F4xx_HAL_Driver/Src/stm32f4xx_hal.c.o
 .ARM.attributes
                0x0000000000000086       0x34 project/source/Drivers/STM32F4xx_HAL_Driver/Src/stm32f4xx_hal_cortex.c.o
 .ARM.attributes
                0x00000000000000ba       0x34 project/source/Drivers/STM32F4xx_HAL_Driver/Src/stm32f4xx_hal_gpio.c.o
 .ARM.attributes
                0x00000000000000ee       0x34 project/source/Drivers/STM32F4xx_HAL_Driver/Src/stm32f4xx_hal_rcc.c.o
 .ARM.attributes
                0x0000000000000122       0x34 project/source/Drivers/STM32F4xx_HAL_Driver/Src/stm32f4xx_hal_rcc_ex.c.o
 .ARM.attributes
                0x0000000000000156       0x34 project/source/Drivers/STM32F4xx_HAL_Driver/Src/stm32f4xx_hal_tim.c.o
 .ARM.attributes
                0x000000000000018a       0x34 project/source/Drivers/STM32F4xx_HAL_Driver/Src/stm32f4xx_hal_tim_ex.c.o
 .ARM.attributes
                0x00000000000001be       0x34 project/source/Drivers/STM32F4xx_HAL_Driver/Src/stm32f4xx_hal_uart.c.o
 .ARM.attributes
                0x00000000000001f2       0x34 project/source/Middlewares/Third_Party/FreeRTOS/Source/CMSIS_RTOS/cmsis_os.c.o
 .ARM.attributes
                0x0000000000000226       0x34 project/source/Middlewares/Third_Party/FreeRTOS/Source/list.c.o
 .ARM.attributes
                0x000000000000025a       0x34 project/source/Middlewares/Third_Party/FreeRTOS/Source/portable/GCC/ARM_CM4F/port.c.o
 .ARM.attributes
                0x000000000000028e       0x34 project/source/Middlewares/Third_Party/FreeRTOS/Source/portable/MemMang/heap_4.c.o
 .ARM.attributes
                0x00000000000002c2       0x34 project/source/Middlewares/Third_Party/FreeRTOS/Source/tasks.c.o
 .ARM.attributes
                0x00000000000002f6       0x34 project/source/user_code/freertos.c.o
 .ARM.attributes
                0x000000000000032a       0x34 project/source/user_code/main.c.o
 .ARM.attributes
                0x000000000000035e       0x34 project/source/user_code/stm32f4xx_hal_msp.c.o
 .ARM.attributes
                0x0000000000000392       0x34 project/source/user_code/stm32f4xx_hal_timebase_tim.c.o
 .ARM.attributes
                0x00000000000003c6       0x34 project/source/user_code/stm32f4xx_it.c.o
 .ARM.attributes
                0x00000000000003fa       0x34 project/source/user_code/system_stm32f4xx.c.o
 .ARM.attributes
                0x000000000000042e       0x21 project/source/startup_stm32f446xx.s.o
 .ARM.attributes
                0x000000000000044f       0x34 /home/rahulba/Embeetle/embeetle/beetle_tools/linux/gnu_arm_toolchain_10.3.1_20210824_64b/bin/../lib/gcc/arm-none-eabi/10.3.1/../../../../arm-none-eabi/lib/thumb/v7e-m+fp/hard/libc_nano.a(lib_a-init.o)
 .ARM.attributes
                0x0000000000000483       0x34 /home/rahulba/Embeetle/embeetle/beetle_tools/linux/gnu_arm_toolchain_10.3.1_20210824_64b/bin/../lib/gcc/arm-none-eabi/10.3.1/../../../../arm-none-eabi/lib/thumb/v7e-m+fp/hard/libc_nano.a(lib_a-memset.o)
 .ARM.attributes
                0x00000000000004b7       0x1e /home/rahulba/Embeetle/embeetle/beetle_tools/linux/gnu_arm_toolchain_10.3.1_20210824_64b/bin/../lib/gcc/arm-none-eabi/10.3.1/thumb/v7e-m+fp/hard/libgcc.a(_aeabi_uldivmod.o)
 .ARM.attributes
                0x00000000000004d5       0x34 /home/rahulba/Embeetle/embeetle/beetle_tools/linux/gnu_arm_toolchain_10.3.1_20210824_64b/bin/../lib/gcc/arm-none-eabi/10.3.1/thumb/v7e-m+fp/hard/libgcc.a(_udivmoddi4.o)
 .ARM.attributes
                0x0000000000000509       0x1e /home/rahulba/Embeetle/embeetle/beetle_tools/linux/gnu_arm_toolchain_10.3.1_20210824_64b/bin/../lib/gcc/arm-none-eabi/10.3.1/thumb/v7e-m+fp/hard/libgcc.a(_dvmd_tls.o)
 .ARM.attributes
                0x0000000000000527       0x1e /home/rahulba/Embeetle/embeetle/beetle_tools/linux/gnu_arm_toolchain_10.3.1_20210824_64b/bin/../lib/gcc/arm-none-eabi/10.3.1/thumb/v7e-m+fp/hard/crtn.o
OUTPUT(application.elf elf32-littlearm)
LOAD linker stubs
LOAD /home/rahulba/Embeetle/embeetle/beetle_tools/linux/gnu_arm_toolchain_10.3.1_20210824_64b/bin/../lib/gcc/arm-none-eabi/10.3.1/../../../../arm-none-eabi/lib/thumb/v7e-m+fp/hard/libc.a
LOAD /home/rahulba/Embeetle/embeetle/beetle_tools/linux/gnu_arm_toolchain_10.3.1_20210824_64b/bin/../lib/gcc/arm-none-eabi/10.3.1/../../../../arm-none-eabi/lib/thumb/v7e-m+fp/hard/libm.a
LOAD /home/rahulba/Embeetle/embeetle/beetle_tools/linux/gnu_arm_toolchain_10.3.1_20210824_64b/bin/../lib/gcc/arm-none-eabi/10.3.1/thumb/v7e-m+fp/hard/libgcc.a

.debug_info     0x0000000000000000    0x16c32
 .debug_info    0x0000000000000000      0xa4a project/source/Drivers/STM32F4xx_HAL_Driver/Src/stm32f4xx_hal.c.o
 .debug_info    0x0000000000000a4a     0x10cd project/source/Drivers/STM32F4xx_HAL_Driver/Src/stm32f4xx_hal_cortex.c.o
 .debug_info    0x0000000000001b17      0x808 project/source/Drivers/STM32F4xx_HAL_Driver/Src/stm32f4xx_hal_gpio.c.o
 .debug_info    0x000000000000231f      0xb4c project/source/Drivers/STM32F4xx_HAL_Driver/Src/stm32f4xx_hal_rcc.c.o
 .debug_info    0x0000000000002e6b      0xce7 project/source/Drivers/STM32F4xx_HAL_Driver/Src/stm32f4xx_hal_rcc_ex.c.o
 .debug_info    0x0000000000003b52     0x3dca project/source/Drivers/STM32F4xx_HAL_Driver/Src/stm32f4xx_hal_tim.c.o
 .debug_info    0x000000000000791c     0x1b07 project/source/Drivers/STM32F4xx_HAL_Driver/Src/stm32f4xx_hal_tim_ex.c.o
 .debug_info    0x0000000000009423     0x4193 project/source/Drivers/STM32F4xx_HAL_Driver/Src/stm32f4xx_hal_uart.c.o
 .debug_info    0x000000000000d5b6     0x2231 project/source/Middlewares/Third_Party/FreeRTOS/Source/CMSIS_RTOS/cmsis_os.c.o
 .debug_info    0x000000000000f7e7      0x2e4 project/source/Middlewares/Third_Party/FreeRTOS/Source/list.c.o
 .debug_info    0x000000000000facb      0x58b project/source/Middlewares/Third_Party/FreeRTOS/Source/portable/GCC/ARM_CM4F/port.c.o
 .debug_info    0x0000000000010056      0x5dd project/source/Middlewares/Third_Party/FreeRTOS/Source/portable/MemMang/heap_4.c.o
 .debug_info    0x0000000000010633     0x2975 project/source/Middlewares/Third_Party/FreeRTOS/Source/tasks.c.o
 .debug_info    0x0000000000012fa8      0x291 project/source/user_code/freertos.c.o
 .debug_info    0x0000000000013239     0x1440 project/source/user_code/main.c.o
 .debug_info    0x0000000000014679      0xc50 project/source/user_code/stm32f4xx_hal_msp.c.o
 .debug_info    0x00000000000152c9      0xcd9 project/source/user_code/stm32f4xx_hal_timebase_tim.c.o
 .debug_info    0x0000000000015fa2      0x6fa project/source/user_code/stm32f4xx_it.c.o
 .debug_info    0x000000000001669c      0x574 project/source/user_code/system_stm32f4xx.c.o
 .debug_info    0x0000000000016c10       0x22 project/source/startup_stm32f446xx.s.o

.debug_abbrev   0x0000000000000000     0x29ad
 .debug_abbrev  0x0000000000000000      0x209 project/source/Drivers/STM32F4xx_HAL_Driver/Src/stm32f4xx_hal.c.o
 .debug_abbrev  0x0000000000000209      0x36d project/source/Drivers/STM32F4xx_HAL_Driver/Src/stm32f4xx_hal_cortex.c.o
 .debug_abbrev  0x0000000000000576      0x1f2 project/source/Drivers/STM32F4xx_HAL_Driver/Src/stm32f4xx_hal_gpio.c.o
 .debug_abbrev  0x0000000000000768      0x28d project/source/Drivers/STM32F4xx_HAL_Driver/Src/stm32f4xx_hal_rcc.c.o
 .debug_abbrev  0x00000000000009f5      0x221 project/source/Drivers/STM32F4xx_HAL_Driver/Src/stm32f4xx_hal_rcc_ex.c.o
 .debug_abbrev  0x0000000000000c16      0x235 project/source/Drivers/STM32F4xx_HAL_Driver/Src/stm32f4xx_hal_tim.c.o
 .debug_abbrev  0x0000000000000e4b      0x24b project/source/Drivers/STM32F4xx_HAL_Driver/Src/stm32f4xx_hal_tim_ex.c.o
 .debug_abbrev  0x0000000000001096      0x300 project/source/Drivers/STM32F4xx_HAL_Driver/Src/stm32f4xx_hal_uart.c.o
 .debug_abbrev  0x0000000000001396      0x382 project/source/Middlewares/Third_Party/FreeRTOS/Source/CMSIS_RTOS/cmsis_os.c.o
 .debug_abbrev  0x0000000000001718      0x109 project/source/Middlewares/Third_Party/FreeRTOS/Source/list.c.o
 .debug_abbrev  0x0000000000001821      0x26e project/source/Middlewares/Third_Party/FreeRTOS/Source/portable/GCC/ARM_CM4F/port.c.o
 .debug_abbrev  0x0000000000001a8f      0x24e project/source/Middlewares/Third_Party/FreeRTOS/Source/portable/MemMang/heap_4.c.o
 .debug_abbrev  0x0000000000001cdd      0x316 project/source/Middlewares/Third_Party/FreeRTOS/Source/tasks.c.o
 .debug_abbrev  0x0000000000001ff3       0xcd project/source/user_code/freertos.c.o
 .debug_abbrev  0x00000000000020c0      0x295 project/source/user_code/main.c.o
 .debug_abbrev  0x0000000000002355      0x1ac project/source/user_code/stm32f4xx_hal_msp.c.o
 .debug_abbrev  0x0000000000002501      0x202 project/source/user_code/stm32f4xx_hal_timebase_tim.c.o
 .debug_abbrev  0x0000000000002703      0x17c project/source/user_code/stm32f4xx_it.c.o
 .debug_abbrev  0x000000000000287f      0x11c project/source/user_code/system_stm32f4xx.c.o
 .debug_abbrev  0x000000000000299b       0x12 project/source/startup_stm32f446xx.s.o

.debug_loc      0x0000000000000000    0x1107d
 .debug_loc     0x0000000000000000      0x141 project/source/Drivers/STM32F4xx_HAL_Driver/Src/stm32f4xx_hal.c.o
 .debug_loc     0x0000000000000141      0x744 project/source/Drivers/STM32F4xx_HAL_Driver/Src/stm32f4xx_hal_cortex.c.o
 .debug_loc     0x0000000000000885      0x520 project/source/Drivers/STM32F4xx_HAL_Driver/Src/stm32f4xx_hal_gpio.c.o
 .debug_loc     0x0000000000000da5      0x58c project/source/Drivers/STM32F4xx_HAL_Driver/Src/stm32f4xx_hal_rcc.c.o
 .debug_loc     0x0000000000001331      0xeab project/source/Drivers/STM32F4xx_HAL_Driver/Src/stm32f4xx_hal_rcc_ex.c.o
 .debug_loc     0x00000000000021dc     0x50ad project/source/Drivers/STM32F4xx_HAL_Driver/Src/stm32f4xx_hal_tim.c.o
 .debug_loc     0x0000000000007289     0x1cca project/source/Drivers/STM32F4xx_HAL_Driver/Src/stm32f4xx_hal_tim_ex.c.o
 .debug_loc     0x0000000000008f53     0x46c8 project/source/Drivers/STM32F4xx_HAL_Driver/Src/stm32f4xx_hal_uart.c.o
 .debug_loc     0x000000000000d61b     0x12e6 project/source/Middlewares/Third_Party/FreeRTOS/Source/CMSIS_RTOS/cmsis_os.c.o
 .debug_loc     0x000000000000e901       0xad project/source/Middlewares/Third_Party/FreeRTOS/Source/list.c.o
 .debug_loc     0x000000000000e9ae      0x124 project/source/Middlewares/Third_Party/FreeRTOS/Source/portable/GCC/ARM_CM4F/port.c.o
 .debug_loc     0x000000000000ead2      0x434 project/source/Middlewares/Third_Party/FreeRTOS/Source/portable/MemMang/heap_4.c.o
 .debug_loc     0x000000000000ef06     0x1e83 project/source/Middlewares/Third_Party/FreeRTOS/Source/tasks.c.o
 .debug_loc     0x0000000000010d89       0x67 project/source/user_code/main.c.o
 .debug_loc     0x0000000000010df0       0x84 project/source/user_code/stm32f4xx_hal_msp.c.o
 .debug_loc     0x0000000000010e74       0xb1 project/source/user_code/stm32f4xx_hal_timebase_tim.c.o
 .debug_loc     0x0000000000010f25      0x158 project/source/user_code/system_stm32f4xx.c.o

.debug_aranges  0x0000000000000000     0x1050
 .debug_aranges
                0x0000000000000000       0xf0 project/source/Drivers/STM32F4xx_HAL_Driver/Src/stm32f4xx_hal.c.o
 .debug_aranges
                0x00000000000000f0       0xb0 project/source/Drivers/STM32F4xx_HAL_Driver/Src/stm32f4xx_hal_cortex.c.o
 .debug_aranges
                0x00000000000001a0       0x58 project/source/Drivers/STM32F4xx_HAL_Driver/Src/stm32f4xx_hal_gpio.c.o
 .debug_aranges
                0x00000000000001f8       0x88 project/source/Drivers/STM32F4xx_HAL_Driver/Src/stm32f4xx_hal_rcc.c.o
 .debug_aranges
                0x0000000000000280       0x78 project/source/Drivers/STM32F4xx_HAL_Driver/Src/stm32f4xx_hal_rcc_ex.c.o
 .debug_aranges
                0x00000000000002f8      0x3d0 project/source/Drivers/STM32F4xx_HAL_Driver/Src/stm32f4xx_hal_tim.c.o
 .debug_aranges
                0x00000000000006c8      0x168 project/source/Drivers/STM32F4xx_HAL_Driver/Src/stm32f4xx_hal_tim_ex.c.o
 .debug_aranges
                0x0000000000000830      0x208 project/source/Drivers/STM32F4xx_HAL_Driver/Src/stm32f4xx_hal_uart.c.o
 .debug_aranges
                0x0000000000000a38      0x1d8 project/source/Middlewares/Third_Party/FreeRTOS/Source/CMSIS_RTOS/cmsis_os.c.o
 .debug_aranges
                0x0000000000000c10       0x40 project/source/Middlewares/Third_Party/FreeRTOS/Source/list.c.o
 .debug_aranges
                0x0000000000000c50       0x80 project/source/Middlewares/Third_Party/FreeRTOS/Source/portable/GCC/ARM_CM4F/port.c.o
 .debug_aranges
                0x0000000000000cd0       0x58 project/source/Middlewares/Third_Party/FreeRTOS/Source/portable/MemMang/heap_4.c.o
 .debug_aranges
                0x0000000000000d28      0x1b8 project/source/Middlewares/Third_Party/FreeRTOS/Source/tasks.c.o
 .debug_aranges
                0x0000000000000ee0       0x20 project/source/user_code/freertos.c.o
 .debug_aranges
                0x0000000000000f00       0x50 project/source/user_code/main.c.o
 .debug_aranges
                0x0000000000000f50       0x30 project/source/user_code/stm32f4xx_hal_msp.c.o
 .debug_aranges
                0x0000000000000f80       0x30 project/source/user_code/stm32f4xx_hal_timebase_tim.c.o
 .debug_aranges
                0x0000000000000fb0       0x50 project/source/user_code/stm32f4xx_it.c.o
 .debug_aranges
                0x0000000000001000       0x28 project/source/user_code/system_stm32f4xx.c.o
 .debug_aranges
                0x0000000000001028       0x28 project/source/startup_stm32f446xx.s.o

.debug_ranges   0x0000000000000000     0x10b0
 .debug_ranges  0x0000000000000000       0xe0 project/source/Drivers/STM32F4xx_HAL_Driver/Src/stm32f4xx_hal.c.o
 .debug_ranges  0x00000000000000e0      0x100 project/source/Drivers/STM32F4xx_HAL_Driver/Src/stm32f4xx_hal_cortex.c.o
 .debug_ranges  0x00000000000001e0       0x48 project/source/Drivers/STM32F4xx_HAL_Driver/Src/stm32f4xx_hal_gpio.c.o
 .debug_ranges  0x0000000000000228       0x90 project/source/Drivers/STM32F4xx_HAL_Driver/Src/stm32f4xx_hal_rcc.c.o
 .debug_ranges  0x00000000000002b8       0x80 project/source/Drivers/STM32F4xx_HAL_Driver/Src/stm32f4xx_hal_rcc_ex.c.o
 .debug_ranges  0x0000000000000338      0x3c0 project/source/Drivers/STM32F4xx_HAL_Driver/Src/stm32f4xx_hal_tim.c.o
 .debug_ranges  0x00000000000006f8      0x158 project/source/Drivers/STM32F4xx_HAL_Driver/Src/stm32f4xx_hal_tim_ex.c.o
 .debug_ranges  0x0000000000000850      0x210 project/source/Drivers/STM32F4xx_HAL_Driver/Src/stm32f4xx_hal_uart.c.o
 .debug_ranges  0x0000000000000a60      0x1c8 project/source/Middlewares/Third_Party/FreeRTOS/Source/CMSIS_RTOS/cmsis_os.c.o
 .debug_ranges  0x0000000000000c28       0x30 project/source/Middlewares/Third_Party/FreeRTOS/Source/list.c.o
 .debug_ranges  0x0000000000000c58       0x88 project/source/Middlewares/Third_Party/FreeRTOS/Source/portable/GCC/ARM_CM4F/port.c.o
 .debug_ranges  0x0000000000000ce0       0x48 project/source/Middlewares/Third_Party/FreeRTOS/Source/portable/MemMang/heap_4.c.o
 .debug_ranges  0x0000000000000d28      0x280 project/source/Middlewares/Third_Party/FreeRTOS/Source/tasks.c.o
 .debug_ranges  0x0000000000000fa8       0x10 project/source/user_code/freertos.c.o
 .debug_ranges  0x0000000000000fb8       0x40 project/source/user_code/main.c.o
 .debug_ranges  0x0000000000000ff8       0x20 project/source/user_code/stm32f4xx_hal_msp.c.o
 .debug_ranges  0x0000000000001018       0x20 project/source/user_code/stm32f4xx_hal_timebase_tim.c.o
 .debug_ranges  0x0000000000001038       0x40 project/source/user_code/stm32f4xx_it.c.o
 .debug_ranges  0x0000000000001078       0x18 project/source/user_code/system_stm32f4xx.c.o
 .debug_ranges  0x0000000000001090       0x20 project/source/startup_stm32f446xx.s.o

.debug_macro    0x0000000000000000    0x234d9
 .debug_macro   0x0000000000000000      0x22e project/source/Drivers/STM32F4xx_HAL_Driver/Src/stm32f4xx_hal.c.o
 .debug_macro   0x000000000000022e      0xa8a project/source/Drivers/STM32F4xx_HAL_Driver/Src/stm32f4xx_hal.c.o
 .debug_macro   0x0000000000000cb8      0x29b project/source/Drivers/STM32F4xx_HAL_Driver/Src/stm32f4xx_hal.c.o
 .debug_macro   0x0000000000000f53       0x28 project/source/Drivers/STM32F4xx_HAL_Driver/Src/stm32f4xx_hal.c.o
 .debug_macro   0x0000000000000f7b       0x28 project/source/Drivers/STM32F4xx_HAL_Driver/Src/stm32f4xx_hal.c.o
 .debug_macro   0x0000000000000fa3       0x22 project/source/Drivers/STM32F4xx_HAL_Driver/Src/stm32f4xx_hal.c.o
 .debug_macro   0x0000000000000fc5       0x8e project/source/Drivers/STM32F4xx_HAL_Driver/Src/stm32f4xx_hal.c.o
 .debug_macro   0x0000000000001053       0x51 project/source/Drivers/STM32F4xx_HAL_Driver/Src/stm32f4xx_hal.c.o
 .debug_macro   0x00000000000010a4      0x103 project/source/Drivers/STM32F4xx_HAL_Driver/Src/stm32f4xx_hal.c.o
 .debug_macro   0x00000000000011a7       0x6a project/source/Drivers/STM32F4xx_HAL_Driver/Src/stm32f4xx_hal.c.o
 .debug_macro   0x0000000000001211      0x1df project/source/Drivers/STM32F4xx_HAL_Driver/Src/stm32f4xx_hal.c.o
 .debug_macro   0x00000000000013f0       0x1c project/source/Drivers/STM32F4xx_HAL_Driver/Src/stm32f4xx_hal.c.o
 .debug_macro   0x000000000000140c       0x22 project/source/Drivers/STM32F4xx_HAL_Driver/Src/stm32f4xx_hal.c.o
 .debug_macro   0x000000000000142e       0xfb project/source/Drivers/STM32F4xx_HAL_Driver/Src/stm32f4xx_hal.c.o
 .debug_macro   0x0000000000001529     0x1011 project/source/Drivers/STM32F4xx_HAL_Driver/Src/stm32f4xx_hal.c.o
 .debug_macro   0x000000000000253a      0x11f project/source/Drivers/STM32F4xx_HAL_Driver/Src/stm32f4xx_hal.c.o
 .debug_macro   0x0000000000002659    0x16749 project/source/Drivers/STM32F4xx_HAL_Driver/Src/stm32f4xx_hal.c.o
 .debug_macro   0x0000000000018da2       0x6d project/source/Drivers/STM32F4xx_HAL_Driver/Src/stm32f4xx_hal.c.o
 .debug_macro   0x0000000000018e0f     0x368c project/source/Drivers/STM32F4xx_HAL_Driver/Src/stm32f4xx_hal.c.o
 .debug_macro   0x000000000001c49b      0x174 project/source/Drivers/STM32F4xx_HAL_Driver/Src/stm32f4xx_hal.c.o
 .debug_macro   0x000000000001c60f       0x50 project/source/Drivers/STM32F4xx_HAL_Driver/Src/stm32f4xx_hal.c.o
 .debug_macro   0x000000000001c65f      0xca5 project/source/Drivers/STM32F4xx_HAL_Driver/Src/stm32f4xx_hal.c.o
 .debug_macro   0x000000000001d304      0x9e9 project/source/Drivers/STM32F4xx_HAL_Driver/Src/stm32f4xx_hal.c.o
 .debug_macro   0x000000000001dced      0x115 project/source/Drivers/STM32F4xx_HAL_Driver/Src/stm32f4xx_hal.c.o
 .debug_macro   0x000000000001de02      0x1a0 project/source/Drivers/STM32F4xx_HAL_Driver/Src/stm32f4xx_hal.c.o
 .debug_macro   0x000000000001dfa2       0xa5 project/source/Drivers/STM32F4xx_HAL_Driver/Src/stm32f4xx_hal.c.o
 .debug_macro   0x000000000001e047      0x16d project/source/Drivers/STM32F4xx_HAL_Driver/Src/stm32f4xx_hal.c.o
 .debug_macro   0x000000000001e1b4      0x287 project/source/Drivers/STM32F4xx_HAL_Driver/Src/stm32f4xx_hal.c.o
 .debug_macro   0x000000000001e43b       0x5f project/source/Drivers/STM32F4xx_HAL_Driver/Src/stm32f4xx_hal.c.o
 .debug_macro   0x000000000001e49a      0x236 project/source/Drivers/STM32F4xx_HAL_Driver/Src/stm32f4xx_hal.c.o
 .debug_macro   0x000000000001e6d0      0x132 project/source/Drivers/STM32F4xx_HAL_Driver/Src/stm32f4xx_hal.c.o
 .debug_macro   0x000000000001e802      0x29c project/source/Drivers/STM32F4xx_HAL_Driver/Src/stm32f4xx_hal.c.o
 .debug_macro   0x000000000001ea9e       0x2e project/source/Drivers/STM32F4xx_HAL_Driver/Src/stm32f4xx_hal.c.o
 .debug_macro   0x000000000001eacc      0x127 project/source/Drivers/STM32F4xx_HAL_Driver/Src/stm32f4xx_hal.c.o
 .debug_macro   0x000000000001ebf3       0xe8 project/source/Drivers/STM32F4xx_HAL_Driver/Src/stm32f4xx_hal.c.o
 .debug_macro   0x000000000001ecdb       0x89 project/source/Drivers/STM32F4xx_HAL_Driver/Src/stm32f4xx_hal.c.o
 .debug_macro   0x000000000001ed64      0x8ed project/source/Drivers/STM32F4xx_HAL_Driver/Src/stm32f4xx_hal.c.o
 .debug_macro   0x000000000001f651       0x53 project/source/Drivers/STM32F4xx_HAL_Driver/Src/stm32f4xx_hal.c.o
 .debug_macro   0x000000000001f6a4      0x2aa project/source/Drivers/STM32F4xx_HAL_Driver/Src/stm32f4xx_hal.c.o
 .debug_macro   0x000000000001f94e      0x126 project/source/Drivers/STM32F4xx_HAL_Driver/Src/stm32f4xx_hal.c.o
 .debug_macro   0x000000000001fa74      0x1ce project/source/Drivers/STM32F4xx_HAL_Driver/Src/stm32f4xx_hal_cortex.c.o
 .debug_macro   0x000000000001fc42      0x1d4 project/source/Drivers/STM32F4xx_HAL_Driver/Src/stm32f4xx_hal_gpio.c.o
 .debug_macro   0x000000000001fe16      0x1f2 project/source/Drivers/STM32F4xx_HAL_Driver/Src/stm32f4xx_hal_rcc.c.o
 .debug_macro   0x0000000000020008      0x1ce project/source/Drivers/STM32F4xx_HAL_Driver/Src/stm32f4xx_hal_rcc_ex.c.o
 .debug_macro   0x00000000000201d6      0x1cf project/source/Drivers/STM32F4xx_HAL_Driver/Src/stm32f4xx_hal_tim.c.o
 .debug_macro   0x00000000000203a5      0x1ce project/source/Drivers/STM32F4xx_HAL_Driver/Src/stm32f4xx_hal_tim_ex.c.o
 .debug_macro   0x0000000000020573      0x1cf project/source/Drivers/STM32F4xx_HAL_Driver/Src/stm32f4xx_hal_uart.c.o
 .debug_macro   0x0000000000020742      0x1ea project/source/Middlewares/Third_Party/FreeRTOS/Source/CMSIS_RTOS/cmsis_os.c.o
 .debug_macro   0x000000000002092c       0x5e project/source/Middlewares/Third_Party/FreeRTOS/Source/CMSIS_RTOS/cmsis_os.c.o
 .debug_macro   0x000000000002098a       0x1e project/source/Middlewares/Third_Party/FreeRTOS/Source/CMSIS_RTOS/cmsis_os.c.o
 .debug_macro   0x00000000000209a8       0x94 project/source/Middlewares/Third_Party/FreeRTOS/Source/CMSIS_RTOS/cmsis_os.c.o
 .debug_macro   0x0000000000020a3c       0x35 project/source/Middlewares/Third_Party/FreeRTOS/Source/CMSIS_RTOS/cmsis_os.c.o
 .debug_macro   0x0000000000020a71       0x34 project/source/Middlewares/Third_Party/FreeRTOS/Source/CMSIS_RTOS/cmsis_os.c.o
 .debug_macro   0x0000000000020aa5       0x16 project/source/Middlewares/Third_Party/FreeRTOS/Source/CMSIS_RTOS/cmsis_os.c.o
 .debug_macro   0x0000000000020abb       0x43 project/source/Middlewares/Third_Party/FreeRTOS/Source/CMSIS_RTOS/cmsis_os.c.o
 .debug_macro   0x0000000000020afe       0x57 project/source/Middlewares/Third_Party/FreeRTOS/Source/CMSIS_RTOS/cmsis_os.c.o
 .debug_macro   0x0000000000020b55       0x34 project/source/Middlewares/Third_Party/FreeRTOS/Source/CMSIS_RTOS/cmsis_os.c.o
 .debug_macro   0x0000000000020b89       0x10 project/source/Middlewares/Third_Party/FreeRTOS/Source/CMSIS_RTOS/cmsis_os.c.o
 .debug_macro   0x0000000000020b99       0x58 project/source/Middlewares/Third_Party/FreeRTOS/Source/CMSIS_RTOS/cmsis_os.c.o
 .debug_macro   0x0000000000020bf1      0x182 project/source/Middlewares/Third_Party/FreeRTOS/Source/CMSIS_RTOS/cmsis_os.c.o
 .debug_macro   0x0000000000020d73      0x341 project/source/Middlewares/Third_Party/FreeRTOS/Source/CMSIS_RTOS/cmsis_os.c.o
 .debug_macro   0x00000000000210b4       0x10 project/source/Middlewares/Third_Party/FreeRTOS/Source/CMSIS_RTOS/cmsis_os.c.o
 .debug_macro   0x00000000000210c4       0x35 project/source/Middlewares/Third_Party/FreeRTOS/Source/CMSIS_RTOS/cmsis_os.c.o
 .debug_macro   0x00000000000210f9       0xea project/source/Middlewares/Third_Party/FreeRTOS/Source/CMSIS_RTOS/cmsis_os.c.o
 .debug_macro   0x00000000000211e3      0x15a project/source/Middlewares/Third_Party/FreeRTOS/Source/CMSIS_RTOS/cmsis_os.c.o
 .debug_macro   0x000000000002133d       0xde project/source/Middlewares/Third_Party/FreeRTOS/Source/CMSIS_RTOS/cmsis_os.c.o
 .debug_macro   0x000000000002141b       0x1c project/source/Middlewares/Third_Party/FreeRTOS/Source/CMSIS_RTOS/cmsis_os.c.o
 .debug_macro   0x0000000000021437       0x26 project/source/Middlewares/Third_Party/FreeRTOS/Source/CMSIS_RTOS/cmsis_os.c.o
 .debug_macro   0x000000000002145d      0x504 project/source/Middlewares/Third_Party/FreeRTOS/Source/CMSIS_RTOS/cmsis_os.c.o
 .debug_macro   0x0000000000021961       0xb5 project/source/Middlewares/Third_Party/FreeRTOS/Source/CMSIS_RTOS/cmsis_os.c.o
 .debug_macro   0x0000000000021a16       0xaa project/source/Middlewares/Third_Party/FreeRTOS/Source/CMSIS_RTOS/cmsis_os.c.o
 .debug_macro   0x0000000000021ac0       0x91 project/source/Middlewares/Third_Party/FreeRTOS/Source/CMSIS_RTOS/cmsis_os.c.o
 .debug_macro   0x0000000000021b51       0x8d project/source/Middlewares/Third_Party/FreeRTOS/Source/CMSIS_RTOS/cmsis_os.c.o
 .debug_macro   0x0000000000021bde       0x7e project/source/Middlewares/Third_Party/FreeRTOS/Source/CMSIS_RTOS/cmsis_os.c.o
 .debug_macro   0x0000000000021c5c       0x19 project/source/Middlewares/Third_Party/FreeRTOS/Source/CMSIS_RTOS/cmsis_os.c.o
 .debug_macro   0x0000000000021c75       0xf2 project/source/Middlewares/Third_Party/FreeRTOS/Source/CMSIS_RTOS/cmsis_os.c.o
 .debug_macro   0x0000000000021d67       0xe9 project/source/Middlewares/Third_Party/FreeRTOS/Source/CMSIS_RTOS/cmsis_os.c.o
 .debug_macro   0x0000000000021e50      0x178 project/source/Middlewares/Third_Party/FreeRTOS/Source/list.c.o
 .debug_macro   0x0000000000021fc8       0x16 project/source/Middlewares/Third_Party/FreeRTOS/Source/list.c.o
 .debug_macro   0x0000000000021fde      0x10e project/source/Middlewares/Third_Party/FreeRTOS/Source/list.c.o
 .debug_macro   0x00000000000220ec       0x8d project/source/Middlewares/Third_Party/FreeRTOS/Source/list.c.o
 .debug_macro   0x0000000000022179       0x16 project/source/Middlewares/Third_Party/FreeRTOS/Source/list.c.o
 .debug_macro   0x000000000002218f       0x29 project/source/Middlewares/Third_Party/FreeRTOS/Source/list.c.o
 .debug_macro   0x00000000000221b8      0x196 project/source/Middlewares/Third_Party/FreeRTOS/Source/portable/GCC/ARM_CM4F/port.c.o
 .debug_macro   0x000000000002234e      0x19f project/source/Middlewares/Third_Party/FreeRTOS/Source/portable/MemMang/heap_4.c.o
 .debug_macro   0x00000000000224ed      0x265 project/source/Middlewares/Third_Party/FreeRTOS/Source/tasks.c.o
 .debug_macro   0x0000000000022752       0x10 project/source/Middlewares/Third_Party/FreeRTOS/Source/tasks.c.o
 .debug_macro   0x0000000000022762      0x245 project/source/user_code/freertos.c.o
 .debug_macro   0x00000000000229a7       0x58 project/source/user_code/freertos.c.o
 .debug_macro   0x00000000000229ff      0x290 project/source/user_code/main.c.o
 .debug_macro   0x0000000000022c8f       0xea project/source/user_code/main.c.o
 .debug_macro   0x0000000000022d79      0x1dd project/source/user_code/stm32f4xx_hal_msp.c.o
 .debug_macro   0x0000000000022f56      0x1ce project/source/user_code/stm32f4xx_hal_timebase_tim.c.o
 .debug_macro   0x0000000000023124      0x1e7 project/source/user_code/stm32f4xx_it.c.o
 .debug_macro   0x000000000002330b      0x1ce project/source/user_code/system_stm32f4xx.c.o

.debug_line     0x0000000000000000    0x17cdb
 .debug_line    0x0000000000000000      0x94a project/source/Drivers/STM32F4xx_HAL_Driver/Src/stm32f4xx_hal.c.o
 .debug_line    0x000000000000094a      0xba7 project/source/Drivers/STM32F4xx_HAL_Driver/Src/stm32f4xx_hal_cortex.c.o
 .debug_line    0x00000000000014f1      0xb0b project/source/Drivers/STM32F4xx_HAL_Driver/Src/stm32f4xx_hal_gpio.c.o
 .debug_line    0x0000000000001ffc      0xef1 project/source/Drivers/STM32F4xx_HAL_Driver/Src/stm32f4xx_hal_rcc.c.o
 .debug_line    0x0000000000002eed     0x1781 project/source/Drivers/STM32F4xx_HAL_Driver/Src/stm32f4xx_hal_rcc_ex.c.o
 .debug_line    0x000000000000466e     0x4edd project/source/Drivers/STM32F4xx_HAL_Driver/Src/stm32f4xx_hal_tim.c.o
 .debug_line    0x000000000000954b     0x20b4 project/source/Drivers/STM32F4xx_HAL_Driver/Src/stm32f4xx_hal_tim_ex.c.o
 .debug_line    0x000000000000b5ff     0x4689 project/source/Drivers/STM32F4xx_HAL_Driver/Src/stm32f4xx_hal_uart.c.o
 .debug_line    0x000000000000fc88     0x1444 project/source/Middlewares/Third_Party/FreeRTOS/Source/CMSIS_RTOS/cmsis_os.c.o
 .debug_line    0x00000000000110cc      0x609 project/source/Middlewares/Third_Party/FreeRTOS/Source/list.c.o
 .debug_line    0x00000000000116d5      0x904 project/source/Middlewares/Third_Party/FreeRTOS/Source/portable/GCC/ARM_CM4F/port.c.o
 .debug_line    0x0000000000011fd9      0x97a project/source/Middlewares/Third_Party/FreeRTOS/Source/portable/MemMang/heap_4.c.o
 .debug_line    0x0000000000012953     0x2746 project/source/Middlewares/Third_Party/FreeRTOS/Source/tasks.c.o
 .debug_line    0x0000000000015099      0x708 project/source/user_code/freertos.c.o
 .debug_line    0x00000000000157a1      0xa01 project/source/user_code/main.c.o
 .debug_line    0x00000000000161a2      0x68e project/source/user_code/stm32f4xx_hal_msp.c.o
 .debug_line    0x0000000000016830      0x6b8 project/source/user_code/stm32f4xx_hal_timebase_tim.c.o
 .debug_line    0x0000000000016ee8      0x6c9 project/source/user_code/stm32f4xx_it.c.o
 .debug_line    0x00000000000175b1      0x6aa project/source/user_code/system_stm32f4xx.c.o
 .debug_line    0x0000000000017c5b       0x80 project/source/startup_stm32f446xx.s.o

.debug_str      0x0000000000000000    0xd8256
 .debug_str     0x0000000000000000    0xc9db9 project/source/Drivers/STM32F4xx_HAL_Driver/Src/stm32f4xx_hal.c.o
                                      0xca15a (size before relaxing)
 .debug_str     0x00000000000c9db9      0x3c0 project/source/Drivers/STM32F4xx_HAL_Driver/Src/stm32f4xx_hal_cortex.c.o
                                      0xc9e89 (size before relaxing)
 .debug_str     0x00000000000ca179      0x1ec project/source/Drivers/STM32F4xx_HAL_Driver/Src/stm32f4xx_hal_gpio.c.o
                                      0xc971a (size before relaxing)
 .debug_str     0x00000000000ca365      0x3c8 project/source/Drivers/STM32F4xx_HAL_Driver/Src/stm32f4xx_hal_rcc.c.o
                                      0xc99e9 (size before relaxing)
 .debug_str     0x00000000000ca72d      0x32b project/source/Drivers/STM32F4xx_HAL_Driver/Src/stm32f4xx_hal_rcc_ex.c.o
                                      0xc9a1c (size before relaxing)
 .debug_str     0x00000000000caa58     0x133e project/source/Drivers/STM32F4xx_HAL_Driver/Src/stm32f4xx_hal_tim.c.o
                                      0xca8ce (size before relaxing)
 .debug_str     0x00000000000cbd96      0x527 project/source/Drivers/STM32F4xx_HAL_Driver/Src/stm32f4xx_hal_tim_ex.c.o
                                      0xca0bf (size before relaxing)
 .debug_str     0x00000000000cc2bd      0x853 project/source/Drivers/STM32F4xx_HAL_Driver/Src/stm32f4xx_hal_uart.c.o
                                      0xc9fa0 (size before relaxing)
 .debug_str     0x00000000000ccb10     0x94d4 project/source/Middlewares/Third_Party/FreeRTOS/Source/CMSIS_RTOS/cmsis_os.c.o
                                       0xdf6a (size before relaxing)
 .debug_str     0x00000000000d5fe4      0x216 project/source/Middlewares/Third_Party/FreeRTOS/Source/list.c.o
                                       0xa0cc (size before relaxing)
 .debug_str     0x00000000000d61fa      0x843 project/source/Middlewares/Third_Party/FreeRTOS/Source/portable/GCC/ARM_CM4F/port.c.o
                                       0x862d (size before relaxing)
 .debug_str     0x00000000000d6a3d      0x37d project/source/Middlewares/Third_Party/FreeRTOS/Source/portable/MemMang/heap_4.c.o
                                       0xaa03 (size before relaxing)
 .debug_str     0x00000000000d6dba     0x1063 project/source/Middlewares/Third_Party/FreeRTOS/Source/tasks.c.o
                                       0xc3e7 (size before relaxing)
 .debug_str     0x00000000000d7e1d      0x19b project/source/user_code/freertos.c.o
                                      0xcd407 (size before relaxing)
 .debug_str     0x00000000000d7fb8       0xe6 project/source/user_code/main.c.o
                                      0xd01e6 (size before relaxing)
 .debug_str     0x00000000000d809e       0x28 project/source/user_code/stm32f4xx_hal_msp.c.o
                                      0xca079 (size before relaxing)
 .debug_str     0x00000000000d80c6       0x5d project/source/user_code/stm32f4xx_hal_timebase_tim.c.o
                                      0xca0be (size before relaxing)
 .debug_str     0x00000000000d8123       0xb3 project/source/user_code/stm32f4xx_it.c.o
                                      0xc9aa7 (size before relaxing)
 .debug_str     0x00000000000d81d6       0x52 project/source/user_code/system_stm32f4xx.c.o
                                      0xc95a0 (size before relaxing)
 .debug_str     0x00000000000d8228       0x2e project/source/startup_stm32f446xx.s.o
                                         0x59 (size before relaxing)

.comment        0x0000000000000000       0x49
 .comment       0x0000000000000000       0x49 project/source/Drivers/STM32F4xx_HAL_Driver/Src/stm32f4xx_hal.c.o
                                         0x4a (size before relaxing)
 .comment       0x0000000000000049       0x4a project/source/Drivers/STM32F4xx_HAL_Driver/Src/stm32f4xx_hal_cortex.c.o
 .comment       0x0000000000000049       0x4a project/source/Drivers/STM32F4xx_HAL_Driver/Src/stm32f4xx_hal_gpio.c.o
 .comment       0x0000000000000049       0x4a project/source/Drivers/STM32F4xx_HAL_Driver/Src/stm32f4xx_hal_rcc.c.o
 .comment       0x0000000000000049       0x4a project/source/Drivers/STM32F4xx_HAL_Driver/Src/stm32f4xx_hal_rcc_ex.c.o
 .comment       0x0000000000000049       0x4a project/source/Drivers/STM32F4xx_HAL_Driver/Src/stm32f4xx_hal_tim.c.o
 .comment       0x0000000000000049       0x4a project/source/Drivers/STM32F4xx_HAL_Driver/Src/stm32f4xx_hal_tim_ex.c.o
 .comment       0x0000000000000049       0x4a project/source/Drivers/STM32F4xx_HAL_Driver/Src/stm32f4xx_hal_uart.c.o
 .comment       0x0000000000000049       0x4a project/source/Middlewares/Third_Party/FreeRTOS/Source/CMSIS_RTOS/cmsis_os.c.o
 .comment       0x0000000000000049       0x4a project/source/Middlewares/Third_Party/FreeRTOS/Source/list.c.o
 .comment       0x0000000000000049       0x4a project/source/Middlewares/Third_Party/FreeRTOS/Source/portable/GCC/ARM_CM4F/port.c.o
 .comment       0x0000000000000049       0x4a project/source/Middlewares/Third_Party/FreeRTOS/Source/portable/MemMang/heap_4.c.o
 .comment       0x0000000000000049       0x4a project/source/Middlewares/Third_Party/FreeRTOS/Source/tasks.c.o
 .comment       0x0000000000000049       0x4a project/source/user_code/freertos.c.o
 .comment       0x0000000000000049       0x4a project/source/user_code/main.c.o
 .comment       0x0000000000000049       0x4a project/source/user_code/stm32f4xx_hal_msp.c.o
 .comment       0x0000000000000049       0x4a project/source/user_code/stm32f4xx_hal_timebase_tim.c.o
 .comment       0x0000000000000049       0x4a project/source/user_code/stm32f4xx_it.c.o
 .comment       0x0000000000000049       0x4a project/source/user_code/system_stm32f4xx.c.o

.debug_frame    0x0000000000000000     0x2c3c
 .debug_frame   0x0000000000000000      0x1ec project/source/Drivers/STM32F4xx_HAL_Driver/Src/stm32f4xx_hal.c.o
 .debug_frame   0x00000000000001ec      0x158 project/source/Drivers/STM32F4xx_HAL_Driver/Src/stm32f4xx_hal_cortex.c.o
 .debug_frame   0x0000000000000344       0xd8 project/source/Drivers/STM32F4xx_HAL_Driver/Src/stm32f4xx_hal_gpio.c.o
 .debug_frame   0x000000000000041c      0x16c project/source/Drivers/STM32F4xx_HAL_Driver/Src/stm32f4xx_hal_rcc.c.o
 .debug_frame   0x0000000000000588      0x14c project/source/Drivers/STM32F4xx_HAL_Driver/Src/stm32f4xx_hal_rcc_ex.c.o
 .debug_frame   0x00000000000006d4      0xb10 project/source/Drivers/STM32F4xx_HAL_Driver/Src/stm32f4xx_hal_tim.c.o
 .debug_frame   0x00000000000011e4      0x40c project/source/Drivers/STM32F4xx_HAL_Driver/Src/stm32f4xx_hal_tim_ex.c.o
 .debug_frame   0x00000000000015f0      0x5e4 project/source/Drivers/STM32F4xx_HAL_Driver/Src/stm32f4xx_hal_uart.c.o
 .debug_frame   0x0000000000001bd4      0x58c project/source/Middlewares/Third_Party/FreeRTOS/Source/CMSIS_RTOS/cmsis_os.c.o
 .debug_frame   0x0000000000002160       0x70 project/source/Middlewares/Third_Party/FreeRTOS/Source/list.c.o
 .debug_frame   0x00000000000021d0      0x110 project/source/Middlewares/Third_Party/FreeRTOS/Source/portable/GCC/ARM_CM4F/port.c.o
 .debug_frame   0x00000000000022e0       0xd0 project/source/Middlewares/Third_Party/FreeRTOS/Source/portable/MemMang/heap_4.c.o
 .debug_frame   0x00000000000023b0      0x58c project/source/Middlewares/Third_Party/FreeRTOS/Source/tasks.c.o
 .debug_frame   0x000000000000293c       0x20 project/source/user_code/freertos.c.o
 .debug_frame   0x000000000000295c       0xc4 project/source/user_code/main.c.o
 .debug_frame   0x0000000000002a20       0x64 project/source/user_code/stm32f4xx_hal_msp.c.o
 .debug_frame   0x0000000000002a84       0x54 project/source/user_code/stm32f4xx_hal_timebase_tim.c.o
 .debug_frame   0x0000000000002ad8       0x88 project/source/user_code/stm32f4xx_it.c.o
 .debug_frame   0x0000000000002b60       0x30 project/source/user_code/system_stm32f4xx.c.o
 .debug_frame   0x0000000000002b90       0x2c /home/rahulba/Embeetle/embeetle/beetle_tools/linux/gnu_arm_toolchain_10.3.1_20210824_64b/bin/../lib/gcc/arm-none-eabi/10.3.1/../../../../arm-none-eabi/lib/thumb/v7e-m+fp/hard/libc_nano.a(lib_a-init.o)
 .debug_frame   0x0000000000002bbc       0x20 /home/rahulba/Embeetle/embeetle/beetle_tools/linux/gnu_arm_toolchain_10.3.1_20210824_64b/bin/../lib/gcc/arm-none-eabi/10.3.1/../../../../arm-none-eabi/lib/thumb/v7e-m+fp/hard/libc_nano.a(lib_a-memset.o)
 .debug_frame   0x0000000000002bdc       0x2c /home/rahulba/Embeetle/embeetle/beetle_tools/linux/gnu_arm_toolchain_10.3.1_20210824_64b/bin/../lib/gcc/arm-none-eabi/10.3.1/thumb/v7e-m+fp/hard/libgcc.a(_aeabi_uldivmod.o)
 .debug_frame   0x0000000000002c08       0x34 /home/rahulba/Embeetle/embeetle/beetle_tools/linux/gnu_arm_toolchain_10.3.1_20210824_64b/bin/../lib/gcc/arm-none-eabi/10.3.1/thumb/v7e-m+fp/hard/libgcc.a(_udivmoddi4.o)
