<html>
<body>
<pre>
<h1>µVision Build Log</h1>
<h2>Project:</h2>
C:\Documents and Settings\Administrator.NSK-123\Desktop\lpc2148v1r1\EXT_INTERRUPT\EXTERNAL_INT3\EXTERNAL_INTERRUPT.uvproj
Project File Date:  09/09/2017

<h2>Output:</h2>
Build target 'Target 1'
assembling Startup.s...
compiling exter_interrupt_main.c...
linking...
Program Size: Code=1400 RO-data=16 RW-data=0 ZI-data=1256  
FromELF: creating hex file...
".\EXTERNAL_INTERRUPT.axf" - 0 Error(s), 0 Warning(s).
</pre>
</body>
</html>
