C51 COMPILER V9.02   DATA_BASE_8051                                                        12/02/2023 19:04:43 PAGE 1   


C51 COMPILER V9.02, COMPILATION OF MODULE DATA_BASE_8051
OBJECT MODULE PLACED IN data_base_8051.OBJ
COMPILER INVOKED BY: C:\Keil\C51\BIN\C51.EXE data_base_8051.c BROWSE DEBUG OBJECTEXTEND

line level    source

   1          #include<reg52.h>
   2          #include"delay.h"
   3          #include"uart.h"
   4          #include"lcd.h"
   5          #include<string.h>
   6          
   7                  typedef struct student
   8                  {
   9                          int roll;
  10                          char ch[20];
  11                          int num;
  12                  }stu;
  13          int main()
  14          {               char *p;
  15   1      char i;
  16   1      char j;
  17   1              stu x;
  18   1              i=x.roll=2;
  19   1              p=strcpy(x.ch,"rahul");
  20   1              j=x.num=9421896167;
  21   1                       initlcd();
  22   1                while(1)
  23   1                {
  24   2               strlcd(x.ch);
  25   2               strlcd("rahul");
  26   2               delay_ms(1000);
  27   2                 }
  28   1      }
  29          
  30          
  31          
  32          
  33          


MODULE INFORMATION:   STATIC OVERLAYABLE
   CODE SIZE        =     69    ----
   CONSTANT SIZE    =      6    ----
   XDATA SIZE       =   ----    ----
   PDATA SIZE       =   ----    ----
   DATA SIZE        =   ----      29
   IDATA SIZE       =   ----    ----
   BIT SIZE         =   ----    ----
END OF MODULE INFORMATION.


C51 COMPILATION COMPLETE.  0 WARNING(S),  0 ERROR(S)
