C51 COMPILER V9.02   E_CARD_FUNCTION                                                       11/29/2023 19:08:58 PAGE 1   


C51 COMPILER V9.02, COMPILATION OF MODULE E_CARD_FUNCTION
OBJECT MODULE PLACED IN e_card_function.OBJ
COMPILER INVOKED BY: C:\Keil\C51\BIN\C51.EXE e_card_function.c BROWSE DEBUG OBJECTEXTEND

line level    source

   1          #include<reg52.h>
   2          #include"delay.h"
   3          #include"uart.h"
   4          #include"lcd.h"
   5          
   6            
   7          void voting(void)
   8          {
   9   1      char ch;
  10   1      
  11   1      cmdlcd(0x01);
  12   1      cmdlcd(0x80);
  13   1       strlcd("1.BJP 2.CONGRESS ");
  14   1       cmdlcd(0xc0);
  15   1       strlcd("3.LOCAL PARTY 4.NOTA");
  16   1      delay_ms(1000);
  17   1      cmdlcd(0x01);
  18   1      cmdlcd(0x94);
  19   1      strlcd("please enter party");
  20   1      //ch=UART_Rxchar();
  21   1      ch=keyscan();
*** WARNING C206 IN LINE 21 OF E_CARD_FUNCTION.C: 'keyscan': missing function-prototype
  22   1      delay_ms(1000);
  23   1      cmdlcd(0x01);
  24   1      strlcd("watting....");
  25   1      delay_ms(2000);
  26   1      
  27   1      switch(ch)
  28   1      {
  29   2      case '1':
  30   2      cmdlcd(0x01);
  31   2      cmdlcd(0x80);
  32   2      strlcd("ayega to modi hi");
  33   2      delay_ms(5000);
  34   2      cmdlcd(0x01);
  35   2      break;
  36   2      case '2':
  37   2      cmdlcd(0x01);
  38   2      cmdlcd(0xc0);
  39   2      strlcd("rahul gandhi zindabad");
  40   2      delay_ms(5000);
  41   2      cmdlcd(0x01);
  42   2      break;
  43   2      case '3':
  44   2      cmdlcd(0x01);
  45   2      cmdlcd(0xc0);
  46   2      strlcd("local party");
  47   2      delay_ms(5000);
  48   2      cmdlcd(0x01);
  49   2      break;
  50   2      case '4':
  51   2      cmdlcd(0x01);
  52   2      cmdlcd(0xc0);
  53   2      strlcd("nota nota nota");
  54   2      delay_ms(5000);
C51 COMPILER V9.02   E_CARD_FUNCTION                                                       11/29/2023 19:08:58 PAGE 2   

  55   2      cmdlcd(0x01);
  56   2      break;
  57   2      }
  58   1       }
  59          void pan(void)
  60          {
  61   1      char ch;
  62   1      
  63   1      
  64   1      cmdlcd(0x01);
  65   1      cmdlcd(0x80);
  66   1       strlcd("name ");
  67   1       cmdlcd(0xc0);
  68   1       strlcd("card number");
  69   1      delay_ms(1000);
  70   1      cmdlcd(0x94);
  71   1      strlcd("please enter option");
  72   1      ch=UART_Rxchar();
  73   1      delay_ms(1000);
  74   1      cmdlcd(0x01);
  75   1      strlcd("watting....");
  76   1      delay_ms(2000);
  77   1      
  78   1      switch(ch)
  79   1      {
  80   2      case '1':
  81   2      cmdlcd(0x01);
  82   2      cmdlcd(0x80);
  83   2      strlcd(" rahul");
  84   2      delay_ms(5000);
  85   2      cmdlcd(0x01);
  86   2      break;
  87   2      case '2':
  88   2      cmdlcd(0x01);
  89   2      cmdlcd(0xc0);
  90   2      strlcd(" cdtpb0669l");
  91   2      delay_ms(5000);
  92   2      cmdlcd(0x01);
  93   2      break;
  94   2      }
  95   1       }
  96           void atm(void)
  97          {
  98   1      char ch;
  99   1      
 100   1      
 101   1      cmdlcd(0x01);
 102   1      cmdlcd(0x80);
 103   1       strlcd("ballance ");
 104   1       cmdlcd(0xc0);
 105   1       strlcd("withdraw");
 106   1      delay_ms(1000);
 107   1      cmdlcd(0x94);
 108   1      cmdlcd(0x01);
 109   1      strlcd("please enter option");
 110   1      ch=UART_Rxchar();
 111   1      delay_ms(1000);
 112   1      cmdlcd(0x01);
 113   1      strlcd("watting....");
 114   1      delay_ms(2000);
 115   1      
 116   1      switch(ch)
C51 COMPILER V9.02   E_CARD_FUNCTION                                                       11/29/2023 19:08:58 PAGE 3   

 117   1      {
 118   2      case '1':
 119   2      cmdlcd(0x01);
 120   2      cmdlcd(0x80);
 121   2      strlcd(" 500000");
 122   2      delay_ms(5000);
 123   2      cmdlcd(0x01);
 124   2      break;
 125   2      case '2':
 126   2      cmdlcd(0x01);
 127   2      cmdlcd(0xc0);
 128   2      strlcd(" not permitted");
 129   2      delay_ms(5000);
 130   2      cmdlcd(0x01);
 131   2      break;
 132   2      }
 133   1       }


MODULE INFORMATION:   STATIC OVERLAYABLE
   CODE SIZE        =    491    ----
   CONSTANT SIZE    =    235    ----
   XDATA SIZE       =   ----    ----
   PDATA SIZE       =   ----    ----
   DATA SIZE        =   ----       3
   IDATA SIZE       =   ----    ----
   BIT SIZE         =   ----    ----
END OF MODULE INFORMATION.


C51 COMPILATION COMPLETE.  1 WARNING(S),  0 ERROR(S)
